--------------------------------------------------------------------------------------------------------
      name:  <unnamed>
       log:  /Users/henryrobinson/Desktop/3rd year/AED/Stata/DissLog1.log
  log type:  text
 opened on:  15 Dec 2021, 00:32:41

. 
. *merge 3 datasets
. use "data_Set_vote.dta", clear

. sort id year

. save "exp_data_vote.dta", replace
(note: file exp_data_vote.dta not found)
file exp_data_vote.dta saved

. use "data_Set_radio.dta"

. sort id year 

. merge 1:1 id year using "exp_data_vote.dta", generate(_merge1)

    Result                           # of obs.
    -----------------------------------------
    not matched                             0
    matched                            15,363  (_merge1==3)
    -----------------------------------------

. save "exp_merge_vote_radio.dta", replace
(note: file exp_merge_vote_radio.dta not found)
file exp_merge_vote_radio.dta saved

. clear all

. use "data_Set_socio_demo.dta", clear

. sort id year

. merge 1:1 id year using "exp_merge_vote_radio.dta", generate(_merge2)

    Result                           # of obs.
    -----------------------------------------
    not matched                             0
    matched                            15,363  (_merge2==3)
    -----------------------------------------

. save "exp_big_merge.dta", replace
(note: file exp_big_merge.dta not found)
file exp_big_merge.dta saved

. 
. *remove blank outliers?
. drop if calendar_year == "19"
(3 observations deleted)

. 
. *create dummy variables for each year
. //tabulate calendar_year, generate(dcalendar_year)
. //rename (dcalendar_year*) (d1920 d1924 d1928 d1930 d1932 d1933 d1934 d1935 d1936 d1937 d1938)
. 
. 
. //gen slant = 1 
. //replace slant = 0 if calendar_year != ("1928")
. //replace slant = -1 if calendar_year != ("1930" "1932")
. 
. 
. *regress
. encode year, gen(year_enc)

. // Election dates June1920 Dec1924 May1928 Sept1930 July1932 Nov1932 Mar1933
. // n206 n24d n285 n309 n327 n32n n333
. // 1)n206 2)n245 3)n24d 4)n285 5)n309 6)n327 7)n32n 8)n333 9)n337 10)n346 11)n351 12)n355 13)n366 14)n
> 373 15)n387 
. // elections in 1) 3) 4) 5) 6) 7) 8)
. // drop 2) 9) 10) 11) 12) 13) 14) 15) (also 1 and 3 since outside time we are concerned with)
. drop if year_enc == 1 | year_enc == 2 | year_enc == 3 | year_enc == 9 | year_enc == 10 | year_enc == 1
> 1 | year_enc == 12 | year_enc == 13 | year_enc == 14 | year_enc == 15
(10,240 observations deleted)

. 
. tab year_enc, gen(dyear_enc)

   year_enc |      Freq.     Percent        Cum.
------------+-----------------------------------
       n285 |      1,024       20.00       20.00
       n309 |      1,024       20.00       40.00
       n327 |      1,024       20.00       60.00
       n32n |      1,024       20.00       80.00
       n333 |      1,024       20.00      100.00
------------+-----------------------------------
      Total |      5,120      100.00

. forval x=1/5{
  2.         gen pop_`x' = pops * dyear_enc`x'
  3.         gen pop_2_`x' = pops_2 * dyear_enc`x'
  4.         gen pop_3_`x' = pops_3 * dyear_enc`x'
  5.         gen pop_4_`x' = pops_4 * dyear_enc`x'
  6.         gen pop_5_`x' = pops_5 * dyear_enc`x'
  7.         gen juden_share`x' = c25juden_share * dyear_enc`x'
  8.         gen kath_share`x' = c25kath_share * dyear_enc`x'
  9.         gen arbei_share`x' = c25arbei_share * dyear_enc`x'
 10.         gen anges_share`x' = c25anges_share * dyear_enc`x'
 11.         gen city`x' = city * dyear_enc`x'
 12.         gen war_per1000_`x' = war_per1000 * dyear_enc`x'
 13.         gen in_welfare_per1000_`x' = in_welfare_per1000 * dyear_enc`x'
 14.         gen sozialrentner_per1000_`x' = sozialrentner_per1000 * dyear_enc`x'
 15.         gen logtaxprop`x' = logtaxprop * dyear_enc`x'
 16.         gen altitude`x' = altitude * dyear_enc`x'
 17.         gen erlos_share`x' = c33erlos_share * dyear_enc`x'
 18.         gen brlos_share`x' = c33brlos_share * dyear_enc`x'
 19.         gen bigd`x' = bigd * dyear_enc`x'
 20.         gen turnout24_`x' = turnout24 * dyear_enc`x'
 21.         gen vote24_`x' = vote24 * dyear_enc`x'
 22.         gen nsfb24_`x' = nsfb24 * dyear_enc`x'
 23.         gen spd24_`x' = spd24 * dyear_enc`x'
 24.         gen z24_`x' = z24 * dyear_enc`x'
 25.         }
(180 missing values generated)
(180 missing values generated)
(180 missing values generated)
(180 missing values generated)
(165 missing values generated)
(165 missing values generated)
(165 missing values generated)
(235 missing values generated)
(5 missing values generated)
(180 missing values generated)
(180 missing values generated)
(10 missing values generated)
(10 missing values generated)
(10 missing values generated)
(10 missing values generated)
(10 missing values generated)
(180 missing values generated)
(180 missing values generated)
(180 missing values generated)
(180 missing values generated)
(165 missing values generated)
(165 missing values generated)
(165 missing values generated)
(235 missing values generated)
(5 missing values generated)
(180 missing values generated)
(180 missing values generated)
(10 missing values generated)
(10 missing values generated)
(10 missing values generated)
(10 missing values generated)
(10 missing values generated)
(180 missing values generated)
(180 missing values generated)
(180 missing values generated)
(180 missing values generated)
(165 missing values generated)
(165 missing values generated)
(165 missing values generated)
(235 missing values generated)
(5 missing values generated)
(180 missing values generated)
(180 missing values generated)
(10 missing values generated)
(10 missing values generated)
(10 missing values generated)
(10 missing values generated)
(10 missing values generated)
(180 missing values generated)
(180 missing values generated)
(180 missing values generated)
(180 missing values generated)
(165 missing values generated)
(165 missing values generated)
(165 missing values generated)
(235 missing values generated)
(5 missing values generated)
(180 missing values generated)
(180 missing values generated)
(10 missing values generated)
(10 missing values generated)
(10 missing values generated)
(10 missing values generated)
(10 missing values generated)
(180 missing values generated)
(180 missing values generated)
(180 missing values generated)
(180 missing values generated)
(165 missing values generated)
(165 missing values generated)
(165 missing values generated)
(235 missing values generated)
(5 missing values generated)
(180 missing values generated)
(180 missing values generated)
(10 missing values generated)
(10 missing values generated)
(10 missing values generated)
(10 missing values generated)
(10 missing values generated)

.         
. tab wkr, gen(dwkr)

  Wahlkreis |      Freq.     Percent        Cum.
------------+-----------------------------------
          1 |        210        4.10        4.10
          2 |          5        0.10        4.20
          4 |         90        1.76        5.96
          5 |        160        3.12        9.08
          6 |        175        3.42       12.50
          7 |        140        2.73       15.23
          8 |        115        2.25       17.48
          9 |        110        2.15       19.63
         10 |        115        2.25       21.88
         11 |        125        2.44       24.32
         12 |        195        3.81       28.12
         13 |        120        2.34       30.47
         14 |        185        3.61       34.08
         15 |        165        3.22       37.30
         16 |        190        3.71       41.02
         17 |        165        3.22       44.24
         18 |        150        2.93       47.17
         19 |        205        4.00       51.17
         20 |        105        2.05       53.22
         21 |        115        2.25       55.47
         22 |         65        1.27       56.74
         23 |         90        1.76       58.50
         24 |        320        6.25       64.75
         25 |        255        4.98       69.73
         26 |        415        8.11       77.83
         27 |        115        2.25       80.08
         28 |         95        1.86       81.93
         29 |         45        0.88       82.81
         30 |        105        2.05       84.86
         31 |        320        6.25       91.11
         32 |        195        3.81       94.92
         33 |        110        2.15       97.07
         34 |          5        0.10       97.17
         35 |        145        2.83      100.00
------------+-----------------------------------
      Total |      5,120      100.00

.         
. forval x=1/34{
  2.         gen wkr_285_`x' = dwkr`x' * dyear_enc1
  3.         gen wkr_309_`x' = dwkr`x' * dyear_enc2
  4.         gen wkr_327_`x' = dwkr`x' * dyear_enc3
  5.         gen wkr_32n_`x' = dwkr`x' * dyear_enc4
  6.         gen wkr_333_`x' = dwkr`x' * dyear_enc5
  7. }

. 
. xtset id year_enc
       panel variable:  id (strongly balanced)
        time variable:  year_enc, 4 to 8
                delta:  1 unit

. 
. //xtreg Nazi_share ss ///
. //pop_1-wkr_333_34 ///
. //i.year_enc if year_enc == [ 5 | 6 | 7 ], fe cluster(id)
. 
. *Column 1
. xtreg Nazi_share ss ///
> pop_2 pop_3 pop_4 ///
> pop_2_2 pop_2_3 pop_2_4 ///
> pop_3_2 pop_3_3 pop_3_4 ///
> pop_4_2 pop_4_3 pop_4_4 ///
> pop_5_2 pop_5_3 pop_5_4 ///
> juden_share2 juden_share3 juden_share4 ///
> kath_share2 kath_share3 kath_share4 ///
> arbei_share2 arbei_share3 arbei_share4 ///
> anges_share2 anges_share3 anges_share4 ///
> city2 city3 city4 ///
> war_per1000_2 war_per1000_3 war_per1000_4 ///
> in_welfare_per1000_2 in_welfare_per1000_3 in_welfare_per1000_4 ///
> sozialrentner_per1000_2 sozialrentner_per1000_3 sozialrentner_per1000_4 ///
> logtaxprop2 logtaxprop3 logtaxprop4 ///
> altitude2 altitude3 altitude4 ///
> erlos_share2 erlos_share3 erlos_share4 ///
> brlos_share2 brlos_share3 brlos_share4 ///
> bigd2 bigd3 bigd4 ///
> turnout24_2 turnout24_3 turnout24_4 ///
> vote24_2 vote24_3 vote24_4 ///
> nsfb24_2 nsfb24_3 nsfb24_4 ///
> spd24_2 spd24_3 spd24_4 ///
> z24_2 z24_3 z24_4 ///
> wkr_309_1 wkr_309_2 wkr_309_3 wkr_309_4 wkr_309_5 wkr_309_6 wkr_309_7 wkr_309_8 wkr_309_9 wkr_309_10 w
> kr_309_11 wkr_309_12 wkr_309_13 wkr_309_14 wkr_309_15 wkr_309_16 wkr_309_17 wkr_309_18 wkr_309_19 wkr_
> 309_20 wkr_309_21 wkr_309_22 wkr_309_23 wkr_309_24 wkr_309_25 wkr_309_26 wkr_309_27 wkr_309_28 wkr_309
> _29 wkr_309_30 wkr_309_31 wkr_309_32 wkr_309_33 wkr_309_34 ///
> wkr_327_1 wkr_327_2 wkr_327_3 wkr_327_4 wkr_327_5 wkr_327_6 wkr_327_7 wkr_327_8 wkr_327_9 wkr_327_10 w
> kr_327_11 wkr_327_12 wkr_327_13 wkr_327_14 wkr_327_15 wkr_327_16 wkr_327_17 wkr_327_18 wkr_327_19 wkr_
> 327_20 wkr_327_21 wkr_327_22 wkr_327_23 wkr_327_24 wkr_327_25 wkr_327_26 wkr_327_27 wkr_327_28 wkr_327
> _29 wkr_327_30 wkr_327_31 wkr_327_32 wkr_327_33 wkr_327_34 ///
> wkr_32n_1 wkr_32n_2 wkr_32n_3 wkr_32n_4 wkr_32n_5 wkr_32n_6     wkr_32n_7 wkr_32n_8     wkr_32n_9 wkr_
> 32n_10 wkr_32n_11 wkr_32n_12 wkr_32n_13 wkr_32n_14 wkr_32n_15     wkr_32n_16 wkr_32n_17   wkr_32n_18 w
> kr_32n_19 wkr_32n_20 wkr_32n_21     wkr_32n_22 wkr_32n_23 wkr_32n_24 wkr_32n_25     wkr_32n_26 wkr_32n
> _27 wkr_32n_28 wkr_32n_29     wkr_32n_30 wkr_32n_31 wkr_32n_32 wkr_32n_33     wkr_32n_34 i.year_enc if
>  year_enc==5|year_enc==6|year_enc==7, fe cluster(id) ///
> 
note: pop_3_4 omitted because of collinearity
note: pop_4_4 omitted because of collinearity
note: pop_5_4 omitted because of collinearity
note: juden_share4 omitted because of collinearity
note: kath_share4 omitted because of collinearity
note: arbei_share4 omitted because of collinearity
note: anges_share4 omitted because of collinearity
note: city4 omitted because of collinearity
note: war_per1000_4 omitted because of collinearity
note: in_welfare_per1000_4 omitted because of collinearity
note: sozialrentner_per1000_4 omitted because of collinearity
note: logtaxprop4 omitted because of collinearity
note: altitude4 omitted because of collinearity
note: erlos_share4 omitted because of collinearity
note: brlos_share4 omitted because of collinearity
note: bigd4 omitted because of collinearity
note: turnout24_4 omitted because of collinearity
note: vote24_4 omitted because of collinearity
note: nsfb24_4 omitted because of collinearity
note: spd24_4 omitted because of collinearity
note: z24_4 omitted because of collinearity
note: wkr_309_2 omitted because of collinearity
note: wkr_327_2 omitted because of collinearity
note: wkr_32n_1 omitted because of collinearity
note: wkr_32n_2 omitted because of collinearity
note: wkr_32n_3 omitted because of collinearity
note: wkr_32n_4 omitted because of collinearity
note: wkr_32n_5 omitted because of collinearity
note: wkr_32n_6 omitted because of collinearity
note: wkr_32n_7 omitted because of collinearity
note: wkr_32n_8 omitted because of collinearity
note: wkr_32n_9 omitted because of collinearity
note: wkr_32n_10 omitted because of collinearity
note: wkr_32n_11 omitted because of collinearity
note: wkr_32n_12 omitted because of collinearity
note: wkr_32n_13 omitted because of collinearity
note: wkr_32n_14 omitted because of collinearity
note: wkr_32n_15 omitted because of collinearity
note: wkr_32n_16 omitted because of collinearity
note: wkr_32n_17 omitted because of collinearity
note: wkr_32n_18 omitted because of collinearity
note: wkr_32n_19 omitted because of collinearity
note: wkr_32n_20 omitted because of collinearity
note: wkr_32n_21 omitted because of collinearity
note: wkr_32n_22 omitted because of collinearity
note: wkr_32n_23 omitted because of collinearity
note: wkr_32n_24 omitted because of collinearity
note: wkr_32n_25 omitted because of collinearity
note: wkr_32n_26 omitted because of collinearity
note: wkr_32n_27 omitted because of collinearity
note: wkr_32n_28 omitted because of collinearity
note: wkr_32n_29 omitted because of collinearity
note: wkr_32n_30 omitted because of collinearity
note: wkr_32n_31 omitted because of collinearity
note: wkr_32n_32 omitted because of collinearity
note: wkr_32n_33 omitted because of collinearity
note: wkr_32n_34 omitted because of collinearity
note: 6.year_enc omitted because of collinearity
note: 7.year_enc omitted because of collinearity

Fixed-effects (within) regression               Number of obs     =      2,836
Group variable: id                              Number of groups  =        959

R-sq:                                           Obs per group:
     within  = 0.9390                                         min =          1
     between = 0.0047                                         avg =        3.0
     overall = 0.0240                                         max =          3

                                                F(111,958)        =          .
corr(u_i, Xb)  = -0.8701                        Prob > F          =          .

                                              (Std. Err. adjusted for 959 clusters in id)
-----------------------------------------------------------------------------------------
                        |               Robust
             Nazi_share |      Coef.   Std. Err.      t    P>|t|     [95% Conf. Interval]
------------------------+----------------------------------------------------------------
                     ss |   -.079071   .0338421    -2.34   0.020    -.1454843   -.0126578
                  pop_2 |  -.0556899   .0468141    -1.19   0.234    -.1475598    .0361801
                  pop_3 |  -.0227316   .0416459    -0.55   0.585    -.1044592    .0589961
                  pop_4 |  -.0218795    .041074    -0.53   0.594    -.1024849    .0587258
                pop_2_2 |   .0003805   .0002381     1.60   0.110    -.0000868    .0008478
                pop_2_3 |   .0000793   .0001581     0.50   0.616     -.000231    .0003895
                pop_2_4 |    .000057   .0001321     0.43   0.666    -.0002023    .0003163
                pop_3_2 |  -9.65e-07   5.24e-07    -1.84   0.066    -1.99e-06    6.31e-08
                pop_3_3 |  -7.45e-08   2.42e-07    -0.31   0.758    -5.49e-07    4.00e-07
                pop_3_4 |          0  (omitted)
                pop_4_2 |   9.59e-10   5.08e-10     1.89   0.059    -3.71e-11    1.96e-09
                pop_4_3 |   8.11e-11   2.31e-10     0.35   0.726    -3.72e-10    5.35e-10
                pop_4_4 |          0  (omitted)
                pop_5_2 |  -1.84e-13   9.68e-14    -1.90   0.058    -3.74e-13    6.21e-15
                pop_5_3 |  -1.59e-14   4.38e-14    -0.36   0.717    -1.02e-13    7.01e-14
                pop_5_4 |          0  (omitted)
           juden_share2 |  -155.0739   39.77857    -3.90   0.000    -233.1371   -77.01072
           juden_share3 |  -63.35509   18.67416    -3.39   0.001    -100.0021   -26.70811
           juden_share4 |          0  (omitted)
            kath_share2 |    19.7357   1.992077     9.91   0.000     15.82637    23.64504
            kath_share3 |  -4.633955   .8715404    -5.32   0.000    -6.344303   -2.923606
            kath_share4 |          0  (omitted)
           arbei_share2 |   2.936927   2.496991     1.18   0.240    -1.963277    7.837131
           arbei_share3 |  -1.419304   1.084667    -1.31   0.191    -3.547901    .7092939
           arbei_share4 |          0  (omitted)
           anges_share2 |   19.28419   5.171057     3.73   0.000     9.136282     29.4321
           anges_share3 |    4.19221   2.429477     1.73   0.085    -.5755016    8.959921
           anges_share4 |          0  (omitted)
                  city2 |   .9039163   .8114482     1.11   0.266    -.6885049    2.496338
                  city3 |   .0060942   .4030074     0.02   0.988    -.7847849    .7969733
                  city4 |          0  (omitted)
          war_per1000_2 |  -.0612831   .0720783    -0.85   0.395    -.2027326    .0801665
          war_per1000_3 |  -.0695939   .0335448    -2.07   0.038    -.1354238   -.0037641
          war_per1000_4 |          0  (omitted)
   in_welfare_per1000_2 |   .0285395   .0215461     1.32   0.186    -.0137435    .0708225
   in_welfare_per1000_3 |   .0124961   .0107322     1.16   0.245    -.0085653    .0335575
   in_welfare_per1000_4 |          0  (omitted)
sozialrentner_per1000_2 |   .0002992   .0591682     0.01   0.996    -.1158151    .1164135
sozialrentner_per1000_3 |   -.013494   .0286681    -0.47   0.638    -.0697535    .0427656
sozialrentner_per1000_4 |          0  (omitted)
            logtaxprop2 |   .9220592   .3366184     2.74   0.006     .2614646    1.582654
            logtaxprop3 |   .5900789   .1395604     4.23   0.000     .3161994    .8639584
            logtaxprop4 |          0  (omitted)
              altitude2 |  -.0085037   .0016039    -5.30   0.000    -.0116512   -.0053562
              altitude3 |  -.0004479   .0008969    -0.50   0.618    -.0022081    .0013122
              altitude4 |          0  (omitted)
           erlos_share2 |     22.707   8.663887     2.62   0.009     5.704613    39.70939
           erlos_share3 |     2.0806   5.043399     0.41   0.680    -7.816785    11.97799
           erlos_share4 |          0  (omitted)
           brlos_share2 |  -10.02104    10.0198    -1.00   0.318    -29.68432    9.642238
           brlos_share3 |   .2716763   4.391137     0.06   0.951    -8.345682    8.889035
           brlos_share4 |          0  (omitted)
                  bigd2 |  -.0682753   .2071146    -0.33   0.742     -.474726    .3381754
                  bigd3 |  -.0859895   .0934356    -0.92   0.358    -.2693515    .0973725
                  bigd4 |          0  (omitted)
            turnout24_2 |   5.057323   4.182439     1.21   0.227    -3.150477    13.26512
            turnout24_3 |  -.8614773   1.995999    -0.43   0.666    -4.778511    3.055557
            turnout24_4 |          0  (omitted)
               vote24_2 |   -7.82553   2.757945    -2.84   0.005    -13.23784    -2.41322
               vote24_3 |   1.409122   1.311891     1.07   0.283    -1.165389    3.983633
               vote24_4 |          0  (omitted)
               nsfb24_2 |   12.75119   8.801268     1.45   0.148    -4.520802    30.02318
               nsfb24_3 |  -.4343988   3.482554    -0.12   0.901    -7.268714    6.399917
               nsfb24_4 |          0  (omitted)
                spd24_2 |   12.42595   3.125809     3.98   0.000     6.291726    18.56017
                spd24_3 |  -6.277685    1.51983    -4.13   0.000    -9.260266   -3.295105
                spd24_4 |          0  (omitted)
                  z24_2 |  -3.344065   2.159355    -1.55   0.122    -7.581677    .8935474
                  z24_3 |  -.5588686   .9251919    -0.60   0.546    -2.374505    1.256768
                  z24_4 |          0  (omitted)
              wkr_309_1 |  -35.51443   5.268343    -6.74   0.000    -45.85326   -25.17561
              wkr_309_2 |          0  (omitted)
              wkr_309_3 |  -32.15433   5.126292    -6.27   0.000    -42.21439   -22.09428
              wkr_309_4 |  -35.18894   5.139437    -6.85   0.000     -45.2748   -25.10309
              wkr_309_5 |  -30.91305   5.294318    -5.84   0.000    -41.30285   -20.52325
              wkr_309_6 |  -35.57477    5.28568    -6.73   0.000    -45.94762   -25.20192
              wkr_309_7 |   -38.1951   5.061341    -7.55   0.000     -48.1277   -28.26251
              wkr_309_8 |  -42.45689   4.806627    -8.83   0.000    -51.88962   -33.02415
              wkr_309_9 |  -38.94531   5.120354    -7.61   0.000    -48.99371   -28.89691
             wkr_309_10 |  -30.21448   5.269037    -5.73   0.000    -40.55466   -19.87429
             wkr_309_11 |  -33.70464   5.007486    -6.73   0.000    -43.53155   -23.87773
             wkr_309_12 |  -36.65419   5.112696    -7.17   0.000    -46.68756   -26.62081
             wkr_309_13 |   -29.8714   4.916341    -6.08   0.000    -39.51945   -20.22336
             wkr_309_14 |  -38.35073   4.944846    -7.76   0.000    -48.05471   -28.64675
             wkr_309_15 |  -34.95537   5.128634    -6.82   0.000    -45.02002   -24.89072
             wkr_309_16 |  -33.44097    5.07389    -6.59   0.000     -43.3982   -23.48375
             wkr_309_17 |  -33.16877   5.026311    -6.60   0.000    -43.03262   -23.30492
             wkr_309_18 |  -39.85675   4.980423    -8.00   0.000    -49.63055   -30.08296
             wkr_309_19 |   -31.5678   4.808884    -6.56   0.000    -41.00497   -22.13064
             wkr_309_20 |  -32.82609   4.833576    -6.79   0.000    -42.31171   -23.34047
             wkr_309_21 |  -31.57074   5.054113    -6.25   0.000    -41.48916   -21.65233
             wkr_309_22 |  -35.22446   5.014971    -7.02   0.000    -45.06606   -25.38286
             wkr_309_23 |  -36.88948   5.471215    -6.74   0.000    -47.62643   -26.15253
             wkr_309_24 |   -33.2321   5.263468    -6.31   0.000    -43.56135   -22.90284
             wkr_309_25 |   -36.8868   5.251704    -7.02   0.000    -47.19298   -26.58063
             wkr_309_26 |  -42.51244    4.74887    -8.95   0.000    -51.83183   -33.19305
             wkr_309_27 |  -36.25817   5.113371    -7.09   0.000    -46.29287   -26.22347
             wkr_309_28 |  -36.76642   5.166178    -7.12   0.000    -46.90476   -26.62809
             wkr_309_29 |  -35.99754   5.087463    -7.08   0.000     -45.9814   -26.01368
             wkr_309_30 |  -34.40325   4.844291    -7.10   0.000    -43.90989    -24.8966
             wkr_309_31 |  -38.09326   4.624539    -8.24   0.000    -47.16865   -29.01786
             wkr_309_32 |  -41.60567   4.961047    -8.39   0.000    -51.34144    -31.8699
             wkr_309_33 |  -262.3968   120.0123    -2.19   0.029    -497.9142   -26.87943
             wkr_309_34 |  -34.98931    5.26302    -6.65   0.000    -45.31769   -24.66093
              wkr_327_1 |   6.962074   2.287244     3.04   0.002     2.473486    11.45066
              wkr_327_2 |          0  (omitted)
              wkr_327_3 |   4.413967   2.358572     1.87   0.062    -.2145977    9.042532
              wkr_327_4 |   5.367851   2.376771     2.26   0.024     .7035727    10.03213
              wkr_327_5 |   3.765353   2.418364     1.56   0.120    -.9805499    8.511256
              wkr_327_6 |   3.529838   2.485438     1.42   0.156    -1.347693     8.40737
              wkr_327_7 |   5.035299   2.376096     2.12   0.034     .3723458    9.698253
              wkr_327_8 |   4.556867   2.181692     2.09   0.037     .2754204    8.838314
              wkr_327_9 |   4.266883   2.399539     1.78   0.076    -.4420762    8.975841
             wkr_327_10 |   6.601132   2.360771     2.80   0.005     1.968253    11.23401
             wkr_327_11 |   5.891293   2.323044     2.54   0.011     1.332452    10.45014
             wkr_327_12 |    3.12038   2.343414     1.33   0.183    -1.478438    7.719198
             wkr_327_13 |   6.108572   2.140494     2.85   0.004     1.907974    10.30917
             wkr_327_14 |   6.631368   2.245961     2.95   0.003     2.223796    11.03894
             wkr_327_15 |   5.161428   2.583413     2.00   0.046     .0916261    10.23123
             wkr_327_16 |   4.939697   2.315531     2.13   0.033     .3955984    9.483795
             wkr_327_17 |   3.851259   2.320385     1.66   0.097    -.7023653    8.404883
             wkr_327_18 |   2.099353   2.337204     0.90   0.369    -2.487277    6.685983
             wkr_327_19 |   4.549521   2.258147     2.01   0.044     .1180353    8.981007
             wkr_327_20 |   6.023583   2.242796     2.69   0.007     1.622223    10.42494
             wkr_327_21 |   4.623634    2.32119     1.99   0.047     .0684307    9.178837
             wkr_327_22 |   4.412277   2.240574     1.97   0.049     .0152766    8.809277
             wkr_327_23 |   4.333403   2.473526     1.75   0.080    -.5207526    9.187558
             wkr_327_24 |   5.385969   2.368766     2.27   0.023     .7373999    10.03454
             wkr_327_25 |   4.836608   2.381496     2.03   0.043     .1630577    9.510158
             wkr_327_26 |   3.224682   2.208326     1.46   0.145    -1.109032    7.558396
             wkr_327_27 |   5.257209   2.408987     2.18   0.029     .5297087    9.984709
             wkr_327_28 |   5.002759    2.39656     2.09   0.037     .2996455    9.705872
             wkr_327_29 |   3.018669   2.375901     1.27   0.204    -1.643902    7.681241
             wkr_327_30 |   5.038644   2.190131     2.30   0.022     .7406349    9.336652
             wkr_327_31 |   4.745955   2.138974     2.22   0.027     .5483399    8.943571
             wkr_327_32 |   3.619755   2.221095     1.63   0.103    -.7390175    7.978528
             wkr_327_33 |  -19.70133   51.55587    -0.38   0.702    -120.8768    81.47414
             wkr_327_34 |   7.697141   2.339131     3.29   0.001     3.106729    12.28755
              wkr_32n_1 |          0  (omitted)
              wkr_32n_2 |          0  (omitted)
              wkr_32n_3 |          0  (omitted)
              wkr_32n_4 |          0  (omitted)
              wkr_32n_5 |          0  (omitted)
              wkr_32n_6 |          0  (omitted)
              wkr_32n_7 |          0  (omitted)
              wkr_32n_8 |          0  (omitted)
              wkr_32n_9 |          0  (omitted)
             wkr_32n_10 |          0  (omitted)
             wkr_32n_11 |          0  (omitted)
             wkr_32n_12 |          0  (omitted)
             wkr_32n_13 |          0  (omitted)
             wkr_32n_14 |          0  (omitted)
             wkr_32n_15 |          0  (omitted)
             wkr_32n_16 |          0  (omitted)
             wkr_32n_17 |          0  (omitted)
             wkr_32n_18 |          0  (omitted)
             wkr_32n_19 |          0  (omitted)
             wkr_32n_20 |          0  (omitted)
             wkr_32n_21 |          0  (omitted)
             wkr_32n_22 |          0  (omitted)
             wkr_32n_23 |          0  (omitted)
             wkr_32n_24 |          0  (omitted)
             wkr_32n_25 |          0  (omitted)
             wkr_32n_26 |          0  (omitted)
             wkr_32n_27 |          0  (omitted)
             wkr_32n_28 |          0  (omitted)
             wkr_32n_29 |          0  (omitted)
             wkr_32n_30 |          0  (omitted)
             wkr_32n_31 |          0  (omitted)
             wkr_32n_32 |          0  (omitted)
             wkr_32n_33 |          0  (omitted)
             wkr_32n_34 |          0  (omitted)
                        |
               year_enc |
                  n327  |          0  (omitted)
                  n32n  |          0  (omitted)
                        |
                  _cons |   36.34934   1.349369    26.94   0.000     33.70128     38.9974
------------------------+----------------------------------------------------------------
                sigma_u |  30.416068
                sigma_e |  3.0928695
                    rho |   .9897659   (fraction of variance due to u_i)
-----------------------------------------------------------------------------------------

. *Column 2
. xtreg Nazi_share ss_nl ///
> pop_2 pop_3 pop_4 ///
> pop_2_2 pop_2_3 pop_2_4 ///
> pop_3_2 pop_3_3 pop_3_4 ///
> pop_4_2 pop_4_3 pop_4_4 ///
> pop_5_2 pop_5_3 pop_5_4 ///
> juden_share2 juden_share3 juden_share4 ///
> kath_share2 kath_share3 kath_share4 ///
> arbei_share2 arbei_share3 arbei_share4 ///
> anges_share2 anges_share3 anges_share4 ///
> city2 city3 city4 ///
> war_per1000_2 war_per1000_3 war_per1000_4 ///
> in_welfare_per1000_2 in_welfare_per1000_3 in_welfare_per1000_4 ///
> sozialrentner_per1000_2 sozialrentner_per1000_3 sozialrentner_per1000_4 ///
> logtaxprop2 logtaxprop3 logtaxprop4 ///
> altitude2 altitude3 altitude4 ///
> erlos_share2 erlos_share3 erlos_share4 ///
> brlos_share2 brlos_share3 brlos_share4 ///
> bigd2 bigd3 bigd4 ///
> turnout24_2 turnout24_3 turnout24_4 ///
> vote24_2 vote24_3 vote24_4 ///
> nsfb24_2 nsfb24_3 nsfb24_4 ///
> spd24_2 spd24_3 spd24_4 ///
> z24_2 z24_3 z24_4 ///
> wkr_309_1 wkr_309_2 wkr_309_3 wkr_309_4 wkr_309_5 wkr_309_6 wkr_309_7 wkr_309_8 wkr_309_9 wkr_309_10 w
> kr_309_11 wkr_309_12 wkr_309_13 wkr_309_14 wkr_309_15 wkr_309_16 wkr_309_17 wkr_309_18 wkr_309_19 wkr_
> 309_20 wkr_309_21 wkr_309_22 wkr_309_23 wkr_309_24 wkr_309_25 wkr_309_26 wkr_309_27 wkr_309_28 wkr_309
> _29 wkr_309_30 wkr_309_31 wkr_309_32 wkr_309_33 wkr_309_34 ///
> wkr_327_1 wkr_327_2 wkr_327_3 wkr_327_4 wkr_327_5 wkr_327_6 wkr_327_7 wkr_327_8 wkr_327_9 wkr_327_10 w
> kr_327_11 wkr_327_12 wkr_327_13 wkr_327_14 wkr_327_15 wkr_327_16 wkr_327_17 wkr_327_18 wkr_327_19 wkr_
> 327_20 wkr_327_21 wkr_327_22 wkr_327_23 wkr_327_24 wkr_327_25 wkr_327_26 wkr_327_27 wkr_327_28 wkr_327
> _29 wkr_327_30 wkr_327_31 wkr_327_32 wkr_327_33 wkr_327_34 ///
> wkr_32n_1 wkr_32n_2 wkr_32n_3 wkr_32n_4 wkr_32n_5 wkr_32n_6     wkr_32n_7 wkr_32n_8     wkr_32n_9 wkr_
> 32n_10 wkr_32n_11 wkr_32n_12 wkr_32n_13 wkr_32n_14 wkr_32n_15     wkr_32n_16 wkr_32n_17   wkr_32n_18 w
> kr_32n_19 wkr_32n_20 wkr_32n_21     wkr_32n_22 wkr_32n_23 wkr_32n_24 wkr_32n_25     wkr_32n_26 wkr_32n
> _27 wkr_32n_28 wkr_32n_29     wkr_32n_30 wkr_32n_31 wkr_32n_32 wkr_32n_33     wkr_32n_34 i.year_enc if
>  year_enc==5|year_enc==6|year_enc==7, fe cluster(id) ///
> 
note: pop_3_4 omitted because of collinearity
note: pop_4_4 omitted because of collinearity
note: pop_5_4 omitted because of collinearity
note: juden_share4 omitted because of collinearity
note: kath_share4 omitted because of collinearity
note: arbei_share4 omitted because of collinearity
note: anges_share4 omitted because of collinearity
note: city4 omitted because of collinearity
note: war_per1000_4 omitted because of collinearity
note: in_welfare_per1000_4 omitted because of collinearity
note: sozialrentner_per1000_4 omitted because of collinearity
note: logtaxprop4 omitted because of collinearity
note: altitude4 omitted because of collinearity
note: erlos_share4 omitted because of collinearity
note: brlos_share4 omitted because of collinearity
note: bigd4 omitted because of collinearity
note: turnout24_4 omitted because of collinearity
note: vote24_4 omitted because of collinearity
note: nsfb24_4 omitted because of collinearity
note: spd24_4 omitted because of collinearity
note: z24_4 omitted because of collinearity
note: wkr_309_2 omitted because of collinearity
note: wkr_327_2 omitted because of collinearity
note: wkr_32n_1 omitted because of collinearity
note: wkr_32n_2 omitted because of collinearity
note: wkr_32n_3 omitted because of collinearity
note: wkr_32n_4 omitted because of collinearity
note: wkr_32n_5 omitted because of collinearity
note: wkr_32n_6 omitted because of collinearity
note: wkr_32n_7 omitted because of collinearity
note: wkr_32n_8 omitted because of collinearity
note: wkr_32n_9 omitted because of collinearity
note: wkr_32n_10 omitted because of collinearity
note: wkr_32n_11 omitted because of collinearity
note: wkr_32n_12 omitted because of collinearity
note: wkr_32n_13 omitted because of collinearity
note: wkr_32n_14 omitted because of collinearity
note: wkr_32n_15 omitted because of collinearity
note: wkr_32n_16 omitted because of collinearity
note: wkr_32n_17 omitted because of collinearity
note: wkr_32n_18 omitted because of collinearity
note: wkr_32n_19 omitted because of collinearity
note: wkr_32n_20 omitted because of collinearity
note: wkr_32n_21 omitted because of collinearity
note: wkr_32n_22 omitted because of collinearity
note: wkr_32n_23 omitted because of collinearity
note: wkr_32n_24 omitted because of collinearity
note: wkr_32n_25 omitted because of collinearity
note: wkr_32n_26 omitted because of collinearity
note: wkr_32n_27 omitted because of collinearity
note: wkr_32n_28 omitted because of collinearity
note: wkr_32n_29 omitted because of collinearity
note: wkr_32n_30 omitted because of collinearity
note: wkr_32n_31 omitted because of collinearity
note: wkr_32n_32 omitted because of collinearity
note: wkr_32n_33 omitted because of collinearity
note: wkr_32n_34 omitted because of collinearity
note: 6.year_enc omitted because of collinearity
note: 7.year_enc omitted because of collinearity

Fixed-effects (within) regression               Number of obs     =      2,836
Group variable: id                              Number of groups  =        959

R-sq:                                           Obs per group:
     within  = 0.9391                                         min =          1
     between = 0.0041                                         avg =        3.0
     overall = 0.0169                                         max =          3

                                                F(111,958)        =          .
corr(u_i, Xb)  = -0.9016                        Prob > F          =          .

                                              (Std. Err. adjusted for 959 clusters in id)
-----------------------------------------------------------------------------------------
                        |               Robust
             Nazi_share |      Coef.   Std. Err.      t    P>|t|     [95% Conf. Interval]
------------------------+----------------------------------------------------------------
                  ss_nl |  -.2273156    .088518    -2.57   0.010    -.4010271    -.053604
                  pop_2 |  -.0584296    .046724    -1.25   0.211    -.1501229    .0332637
                  pop_3 |  -.0246429   .0414277    -0.59   0.552    -.1059424    .0566566
                  pop_4 |  -.0235093   .0408326    -0.58   0.565    -.1036408    .0566223
                pop_2_2 |   .0004031   .0002394     1.68   0.093    -.0000668    .0008729
                pop_2_3 |   .0000912   .0001579     0.58   0.564    -.0002186    .0004011
                pop_2_4 |   .0000664   .0001311     0.51   0.612    -.0001908    .0003237
                pop_3_2 |  -9.93e-07   5.32e-07    -1.87   0.062    -2.04e-06    5.13e-08
                pop_3_3 |  -7.43e-08   2.49e-07    -0.30   0.765    -5.62e-07    4.13e-07
                pop_3_4 |          0  (omitted)
                pop_4_2 |   9.78e-10   5.18e-10     1.89   0.059    -3.86e-11    1.99e-09
                pop_4_3 |   7.51e-11   2.38e-10     0.31   0.753    -3.93e-10    5.43e-10
                pop_4_4 |          0  (omitted)
                pop_5_2 |  -1.87e-13   9.88e-14    -1.89   0.059    -3.80e-13    7.14e-15
                pop_5_3 |  -1.44e-14   4.53e-14    -0.32   0.750    -1.03e-13    7.44e-14
                pop_5_4 |          0  (omitted)
           juden_share2 |  -151.6292   40.20378    -3.77   0.000    -230.5268   -72.73153
           juden_share3 |  -61.78321   18.76874    -3.29   0.001     -98.6158   -24.95063
           juden_share4 |          0  (omitted)
            kath_share2 |   19.55517   2.000517     9.78   0.000     15.62927    23.48107
            kath_share3 |  -4.645986   .8784596    -5.29   0.000    -6.369913   -2.922059
            kath_share4 |          0  (omitted)
           arbei_share2 |   3.247945   2.528394     1.28   0.199    -1.713885    8.209775
           arbei_share3 |  -1.175491    1.09262    -1.08   0.282    -3.319696    .9687142
           arbei_share4 |          0  (omitted)
           anges_share2 |   18.72582   5.169708     3.62   0.000      8.58056    28.87108
           anges_share3 |   4.070243   2.423806     1.68   0.093    -.6863391    8.826825
           anges_share4 |          0  (omitted)
                  city2 |   .9483239   .8116383     1.17   0.243    -.6444702    2.541118
                  city3 |   .0007119   .4032889     0.00   0.999    -.7907196    .7921435
                  city4 |          0  (omitted)
          war_per1000_2 |  -.0567703   .0729552    -0.78   0.437    -.1999408    .0864002
          war_per1000_3 |  -.0676762    .033482    -2.02   0.044    -.1333827   -.0019697
          war_per1000_4 |          0  (omitted)
   in_welfare_per1000_2 |     .02852   .0215657     1.32   0.186    -.0138015    .0708415
   in_welfare_per1000_3 |   .0123898   .0106278     1.17   0.244    -.0084666    .0332463
   in_welfare_per1000_4 |          0  (omitted)
sozialrentner_per1000_2 |  -.0010404   .0595998    -0.02   0.986    -.1180017    .1159208
sozialrentner_per1000_3 |  -.0142093   .0286923    -0.50   0.621    -.0705164    .0420978
sozialrentner_per1000_4 |          0  (omitted)
            logtaxprop2 |   .8740121   .3383775     2.58   0.010     .2099655    1.538059
            logtaxprop3 |   .5760393   .1397774     4.12   0.000      .301734    .8503445
            logtaxprop4 |          0  (omitted)
              altitude2 |  -.0086518   .0016121    -5.37   0.000    -.0118154   -.0054882
              altitude3 |   -.000442    .000896    -0.49   0.622    -.0022004    .0013164
              altitude4 |          0  (omitted)
           erlos_share2 |   23.56902   8.638908     2.73   0.006     6.615649    40.52238
           erlos_share3 |   2.627503   5.022584     0.52   0.601    -7.229033    12.48404
           erlos_share4 |          0  (omitted)
           brlos_share2 |  -9.786454   10.00575    -0.98   0.328    -29.42217    9.849266
           brlos_share3 |   .6428228   4.406857     0.15   0.884    -8.005384    9.291029
           brlos_share4 |          0  (omitted)
                  bigd2 |  -.1365256    .208796    -0.65   0.513     -.546276    .2732248
                  bigd3 |  -.0885783   .0930799    -0.95   0.342    -.2712423    .0940857
                  bigd4 |          0  (omitted)
            turnout24_2 |   5.519788   4.196979     1.32   0.189    -2.716545    13.75612
            turnout24_3 |  -.6412921   2.009311    -0.32   0.750    -4.584451    3.301867
            turnout24_4 |          0  (omitted)
               vote24_2 |  -7.695103   2.757425    -2.79   0.005    -13.10639   -2.283813
               vote24_3 |   1.577818   1.315968     1.20   0.231    -1.004694     4.16033
               vote24_4 |          0  (omitted)
               nsfb24_2 |    11.3945   8.872671     1.28   0.199    -6.017618    28.80661
               nsfb24_3 |  -.8777908   3.498591    -0.25   0.802    -7.743578    5.987997
               nsfb24_4 |          0  (omitted)
                spd24_2 |   12.05983   3.130616     3.85   0.000     5.916169    18.20348
                spd24_3 |  -6.584906   1.531492    -4.30   0.000    -9.590373   -3.579439
                spd24_4 |          0  (omitted)
                  z24_2 |  -3.218066   2.153349    -1.49   0.135    -7.443892     1.00776
                  z24_3 |  -.5968627   .9370274    -0.64   0.524    -2.435726       1.242
                  z24_4 |          0  (omitted)
              wkr_309_1 |  -33.05168    5.06349    -6.53   0.000     -42.9885   -23.11487
              wkr_309_2 |          0  (omitted)
              wkr_309_3 |  -31.67276   5.132616    -6.17   0.000    -41.74523   -21.60029
              wkr_309_4 |  -34.98377   5.138938    -6.81   0.000    -45.06864   -24.89889
              wkr_309_5 |  -30.95322   5.286036    -5.86   0.000    -41.32676   -20.57967
              wkr_309_6 |  -34.99834   5.273489    -6.64   0.000    -45.34726   -24.64942
              wkr_309_7 |  -37.83916   5.058405    -7.48   0.000    -47.76599   -27.91232
              wkr_309_8 |  -41.89952   4.816196    -8.70   0.000    -51.35103     -32.448
              wkr_309_9 |  -38.91799   5.119723    -7.60   0.000    -48.96516   -28.87083
             wkr_309_10 |  -30.20667   5.253789    -5.75   0.000    -40.51693   -19.89641
             wkr_309_11 |  -33.89886   5.001937    -6.78   0.000    -43.71488   -24.08285
             wkr_309_12 |  -36.57505   5.105923    -7.16   0.000    -46.59513   -26.55497
             wkr_309_13 |  -29.88668   4.908473    -6.09   0.000    -39.51928   -20.25408
             wkr_309_14 |  -38.46276   4.934928    -7.79   0.000    -48.14728   -28.77824
             wkr_309_15 |  -34.95191   5.128325    -6.82   0.000    -45.01596   -24.88786
             wkr_309_16 |  -33.19983    5.06264    -6.56   0.000    -43.13498   -23.26469
             wkr_309_17 |   -32.5583   5.025617    -6.48   0.000    -42.42078   -22.69581
             wkr_309_18 |  -39.57532   4.974262    -7.96   0.000    -49.33703   -29.81361
             wkr_309_19 |  -30.91913   4.810103    -6.43   0.000    -40.35868   -21.47957
             wkr_309_20 |  -32.60296   4.833217    -6.75   0.000    -42.08788   -23.11805
             wkr_309_21 |  -31.08216   5.056423    -6.15   0.000     -41.0051   -21.15922
             wkr_309_22 |  -34.64317   5.005675    -6.92   0.000    -44.46652   -24.81981
             wkr_309_23 |  -36.48844   5.484295    -6.65   0.000    -47.25106   -25.72582
             wkr_309_24 |  -33.19955    5.26787    -6.30   0.000    -43.53744   -22.86165
             wkr_309_25 |  -36.50479   5.255582    -6.95   0.000    -46.81857   -26.19101
             wkr_309_26 |  -41.95726   4.740898    -8.85   0.000      -51.261   -32.65352
             wkr_309_27 |  -36.09112   5.114744    -7.06   0.000    -46.12852   -26.05372
             wkr_309_28 |  -36.77722   5.157511    -7.13   0.000    -46.89855    -26.6559
             wkr_309_29 |  -36.29667   5.087437    -7.13   0.000    -46.28047   -26.31286
             wkr_309_30 |  -33.72721   4.826967    -6.99   0.000    -43.19986   -24.25456
             wkr_309_31 |  -37.49302   4.621239    -8.11   0.000    -46.56194    -28.4241
             wkr_309_32 |  -41.24956   4.962594    -8.31   0.000    -50.98837   -31.51075
             wkr_309_33 |  -261.0067   123.0468    -2.12   0.034     -502.479   -19.53446
             wkr_309_34 |  -34.93914   5.267349    -6.63   0.000    -45.27602   -24.60227
              wkr_327_1 |   6.895801   2.293652     3.01   0.003     2.394639    11.39696
              wkr_327_2 |          0  (omitted)
              wkr_327_3 |    4.40213   2.370164     1.86   0.064    -.2491825    9.053443
              wkr_327_4 |   5.270291   2.383583     2.21   0.027     .5926435    9.947938
              wkr_327_5 |   3.452062   2.428366     1.42   0.155    -1.313468    8.217592
              wkr_327_6 |     3.8405   2.474325     1.55   0.121    -1.015222    8.696223
              wkr_327_7 |   5.282619   2.367277     2.23   0.026     .6369718    9.928265
              wkr_327_8 |   4.651158    2.18885     2.12   0.034     .3556642    8.946653
              wkr_327_9 |   4.036077   2.409507     1.68   0.094    -.6924433    8.764598
             wkr_327_10 |   6.187575   2.366302     2.61   0.009     1.543841    10.83131
             wkr_327_11 |    5.51408   2.328651     2.37   0.018     .9442335    10.08393
             wkr_327_12 |   2.960328   2.356195     1.26   0.209    -1.663571    7.584228
             wkr_327_13 |   5.892962   2.148309     2.74   0.006     1.677027     10.1089
             wkr_327_14 |   6.390125   2.252949     2.84   0.005      1.96884    10.81141
             wkr_327_15 |   4.981628   2.590061     1.92   0.055    -.1012204    10.06448
             wkr_327_16 |    4.89171   2.325359     2.10   0.036     .3283246    9.455095
             wkr_327_17 |   3.898981   2.328228     1.67   0.094     -.670035    8.467997
             wkr_327_18 |   2.002599   2.341965     0.86   0.393    -2.593375    6.598572
             wkr_327_19 |   4.702131   2.268958     2.07   0.038     .2494297    9.154832
             wkr_327_20 |   5.899783   2.257179     2.61   0.009     1.470197    10.32937
             wkr_327_21 |   4.288221   2.321928     1.85   0.065    -.2684313    8.844874
             wkr_327_22 |   4.489374   2.260432     1.99   0.047      .053404    8.925344
             wkr_327_23 |   4.187207   2.482912     1.69   0.092    -.6853666    9.059781
             wkr_327_24 |   5.177544   2.376957     2.18   0.030     .5129002    9.842188
             wkr_327_25 |   4.715161   2.389718     1.97   0.049     .0254746    9.404847
             wkr_327_26 |   3.354554   2.216789     1.51   0.131    -.9957688    7.704876
             wkr_327_27 |   5.041986   2.417428     2.09   0.037     .2979213     9.78605
             wkr_327_28 |   4.608779   2.395432     1.92   0.055    -.0921199    9.309678
             wkr_327_29 |   2.587232   2.383169     1.09   0.278    -2.089601    7.264065
             wkr_327_30 |    5.12953   2.201206     2.33   0.020     .8097871    9.449272
             wkr_327_31 |   4.811883   2.153715     2.23   0.026     .5853395    9.038426
             wkr_327_32 |   3.587991   2.230045     1.61   0.108    -.7883452    7.964327
             wkr_327_33 |  -16.07525   53.30269    -0.30   0.763    -120.6788    88.52826
             wkr_327_34 |   7.494596   2.349768     3.19   0.001      2.88331    12.10588
              wkr_32n_1 |          0  (omitted)
              wkr_32n_2 |          0  (omitted)
              wkr_32n_3 |          0  (omitted)
              wkr_32n_4 |          0  (omitted)
              wkr_32n_5 |          0  (omitted)
              wkr_32n_6 |          0  (omitted)
              wkr_32n_7 |          0  (omitted)
              wkr_32n_8 |          0  (omitted)
              wkr_32n_9 |          0  (omitted)
             wkr_32n_10 |          0  (omitted)
             wkr_32n_11 |          0  (omitted)
             wkr_32n_12 |          0  (omitted)
             wkr_32n_13 |          0  (omitted)
             wkr_32n_14 |          0  (omitted)
             wkr_32n_15 |          0  (omitted)
             wkr_32n_16 |          0  (omitted)
             wkr_32n_17 |          0  (omitted)
             wkr_32n_18 |          0  (omitted)
             wkr_32n_19 |          0  (omitted)
             wkr_32n_20 |          0  (omitted)
             wkr_32n_21 |          0  (omitted)
             wkr_32n_22 |          0  (omitted)
             wkr_32n_23 |          0  (omitted)
             wkr_32n_24 |          0  (omitted)
             wkr_32n_25 |          0  (omitted)
             wkr_32n_26 |          0  (omitted)
             wkr_32n_27 |          0  (omitted)
             wkr_32n_28 |          0  (omitted)
             wkr_32n_29 |          0  (omitted)
             wkr_32n_30 |          0  (omitted)
             wkr_32n_31 |          0  (omitted)
             wkr_32n_32 |          0  (omitted)
             wkr_32n_33 |          0  (omitted)
             wkr_32n_34 |          0  (omitted)
                        |
               year_enc |
                  n327  |          0  (omitted)
                  n32n  |          0  (omitted)
                        |
                  _cons |   39.85003   2.207674    18.05   0.000      35.5176    44.18247
------------------------+----------------------------------------------------------------
                sigma_u |  34.770466
                sigma_e |  3.0914878
                    rho |  .99215678   (fraction of variance due to u_i)
-----------------------------------------------------------------------------------------

. *Column 3
. xtreg Nazi_share ss_artf ///
> pop_1 pop_2 pop_3 pop_4 pop_5 ///
> pop_2_1 pop_2_2 pop_2_3 pop_2_4 pop_2_5 ///
> pop_3_1 pop_3_2 pop_3_3 pop_3_4 pop_3_5 ///
> pop_4_1 pop_4_2 pop_4_3 pop_4_4 pop_4_5 ///
> pop_5_1 pop_5_2 pop_5_3 pop_5_4 pop_5_5 ///
> juden_share1 juden_share2 juden_share3 juden_share4 juden_share5 ///
> kath_share1 kath_share2 kath_share3 kath_share4 kath_share5 ///
> arbei_share1 arbei_share2 arbei_share3 arbei_share4 arbei_share5 ///
> anges_share1 anges_share2 anges_share3 anges_share4 anges_share5 ///
> city1 city2 city3 city4 city5 ///
> war_per1000_1 war_per1000_2 war_per1000_3 war_per1000_4 war_per1000_5 ///
> in_welfare_per1000_1 in_welfare_per1000_2 in_welfare_per1000_3 in_welfare_per1000_4 in_welfare_per1000
> _5 ///
> sozialrentner_per1000_1 sozialrentner_per1000_2 sozialrentner_per1000_3 sozialrentner_per1000_4 sozial
> rentner_per1000_5 ///
> logtaxprop1 logtaxprop2 logtaxprop3 logtaxprop4 logtaxprop5 ///
> altitude1 altitude2 altitude3 altitude4 altitude5 ///
> erlos_share1 erlos_share2 erlos_share3 erlos_share4 erlos_share5 ///
> brlos_share1 brlos_share2 brlos_share3 brlos_share4 brlos_share5 ///
> bigd1 bigd2 bigd3 bigd4 bigd5 ///
> turnout24_1 turnout24_2 turnout24_3 turnout24_4 turnout24_5 ///
> vote24_1 vote24_2 vote24_3 vote24_4 vote24_5 ///
> nsfb24_1 nsfb24_2 nsfb24_3 nsfb24_4 nsfb24_5 ///
> spd24_1 spd24_2 spd24_3 spd24_4 spd24_5 ///
> z24_1 z24_2 z24_3 z24_4 z24_5 ///
> wkr_285_1 wkr_285_2 wkr_285_3 wkr_285_4 wkr_285_5 wkr_285_6 wkr_285_7 wkr_285_8 wkr_285_9 wkr_285_10 w
> kr_285_11 wkr_285_12 wkr_285_13 wkr_285_14 wkr_285_15 wkr_285_16 wkr_285_17 wkr_285_18 wkr_285_19 wkr_
> 285_20 wkr_285_21 wkr_285_22 wkr_285_23 wkr_285_24 wkr_285_25 wkr_285_26 wkr_285_27 wkr_285_28 wkr_285
> _29 wkr_285_30 wkr_285_31 wkr_285_32 wkr_285_33 wkr_285_34 ///
> wkr_309_1 wkr_309_2 wkr_309_3 wkr_309_4 wkr_309_5 wkr_309_6 wkr_309_7 wkr_309_8 wkr_309_9 wkr_309_10 w
> kr_309_11 wkr_309_12 wkr_309_13 wkr_309_14 wkr_309_15 wkr_309_16 wkr_309_17 wkr_309_18 wkr_309_19 wkr_
> 309_20 wkr_309_21 wkr_309_22 wkr_309_23 wkr_309_24 wkr_309_25 wkr_309_26 wkr_309_27 wkr_309_28 wkr_309
> _29 wkr_309_30 wkr_309_31 wkr_309_32 wkr_309_33 wkr_309_34 ///
> wkr_327_1 wkr_327_2 wkr_327_3 wkr_327_4 wkr_327_5 wkr_327_6 wkr_327_7 wkr_327_8 wkr_327_9 wkr_327_10 w
> kr_327_11 wkr_327_12 wkr_327_13 wkr_327_14 wkr_327_15 wkr_327_16 wkr_327_17 wkr_327_18 wkr_327_19 wkr_
> 327_20 wkr_327_21 wkr_327_22 wkr_327_23 wkr_327_24 wkr_327_25 wkr_327_26 wkr_327_27 wkr_327_28 wkr_327
> _29 wkr_327_30 wkr_327_31 wkr_327_32 wkr_327_33 wkr_327_34 ///
> wkr_32n_1 wkr_32n_2 wkr_32n_3 wkr_32n_4 wkr_32n_5 wkr_32n_6     wkr_32n_7 wkr_32n_8     wkr_32n_9 wkr_
> 32n_10 wkr_32n_11 wkr_32n_12 wkr_32n_13 wkr_32n_14 wkr_32n_15     wkr_32n_16 wkr_32n_17   wkr_32n_18 w
> kr_32n_19 wkr_32n_20 wkr_32n_21     wkr_32n_22 wkr_32n_23 wkr_32n_24 wkr_32n_25     wkr_32n_26 wkr_32n
> _27 wkr_32n_28 wkr_32n_29     wkr_32n_30 wkr_32n_31 wkr_32n_32 wkr_32n_33     wkr_32n_34 ///
> wkr_333_1 wkr_333_2     wkr_333_3 wkr_333_4     wkr_333_5 wkr_333_6     wkr_333_7 wkr_333_8     wkr_33
> 3_9 wkr_333_10 wkr_333_11 wkr_333_12 wkr_333_13 wkr_333_14 wkr_333_15 wkr_333_16 wkr_333_17 wkr_333_18
>  wkr_333_19 wkr_333_20 wkr_333_21 wkr_333_22 wkr_333_23 wkr_333_24 wkr_333_25 wkr_333_26 wkr_333_27 wk
> r_333_28 wkr_333_29 wkr_333_30 wkr_333_31 wkr_333_32 wkr_333_33 wkr_333_34, fe cluster(id) ///
> 
note: pop_4_5 omitted because of collinearity
note: pop_5_5 omitted because of collinearity
note: juden_share5 omitted because of collinearity
note: kath_share5 omitted because of collinearity
note: arbei_share5 omitted because of collinearity
note: anges_share5 omitted because of collinearity
note: city5 omitted because of collinearity
note: war_per1000_5 omitted because of collinearity
note: in_welfare_per1000_5 omitted because of collinearity
note: sozialrentner_per1000_5 omitted because of collinearity
note: logtaxprop5 omitted because of collinearity
note: altitude5 omitted because of collinearity
note: erlos_share5 omitted because of collinearity
note: brlos_share5 omitted because of collinearity
note: bigd5 omitted because of collinearity
note: turnout24_5 omitted because of collinearity
note: vote24_5 omitted because of collinearity
note: nsfb24_5 omitted because of collinearity
note: spd24_5 omitted because of collinearity
note: z24_5 omitted because of collinearity
note: wkr_285_2 omitted because of collinearity
note: wkr_309_2 omitted because of collinearity
note: wkr_327_2 omitted because of collinearity
note: wkr_32n_2 omitted because of collinearity
note: wkr_333_1 omitted because of collinearity
note: wkr_333_2 omitted because of collinearity
note: wkr_333_3 omitted because of collinearity
note: wkr_333_4 omitted because of collinearity
note: wkr_333_5 omitted because of collinearity
note: wkr_333_6 omitted because of collinearity
note: wkr_333_7 omitted because of collinearity
note: wkr_333_8 omitted because of collinearity
note: wkr_333_9 omitted because of collinearity
note: wkr_333_10 omitted because of collinearity
note: wkr_333_11 omitted because of collinearity
note: wkr_333_12 omitted because of collinearity
note: wkr_333_13 omitted because of collinearity
note: wkr_333_14 omitted because of collinearity
note: wkr_333_15 omitted because of collinearity
note: wkr_333_16 omitted because of collinearity
note: wkr_333_17 omitted because of collinearity
note: wkr_333_18 omitted because of collinearity
note: wkr_333_19 omitted because of collinearity
note: wkr_333_20 omitted because of collinearity
note: wkr_333_21 omitted because of collinearity
note: wkr_333_22 omitted because of collinearity
note: wkr_333_23 omitted because of collinearity
note: wkr_333_24 omitted because of collinearity
note: wkr_333_25 omitted because of collinearity
note: wkr_333_26 omitted because of collinearity
note: wkr_333_27 omitted because of collinearity
note: wkr_333_28 omitted because of collinearity
note: wkr_333_29 omitted because of collinearity
note: wkr_333_30 omitted because of collinearity
note: wkr_333_31 omitted because of collinearity
note: wkr_333_32 omitted because of collinearity
note: wkr_333_33 omitted because of collinearity
note: wkr_333_34 omitted because of collinearity

Fixed-effects (within) regression               Number of obs     =      4,713
Group variable: id                              Number of groups  =        959

R-sq:                                           Obs per group:
     within  = 0.9718                                         min =          2
     between = 0.0002                                         avg =        4.9
     overall = 0.0093                                         max =          5

                                                F(220,958)        =          .
corr(u_i, Xb)  = -0.9928                        Prob > F          =          .

                                              (Std. Err. adjusted for 959 clusters in id)
-----------------------------------------------------------------------------------------
                        |               Robust
             Nazi_share |      Coef.   Std. Err.      t    P>|t|     [95% Conf. Interval]
------------------------+----------------------------------------------------------------
                ss_artf |   .0280355   .0071659     3.91   0.000     .0139728    .0420983
                  pop_1 |  -.0182021   .0396825    -0.46   0.647    -.0960768    .0596726
                  pop_2 |   -.044622   .0395302    -1.13   0.259    -.1221978    .0329537
                  pop_3 |  -.0134529   .0337561    -0.40   0.690    -.0796973    .0527914
                  pop_4 |  -.0115472   .0347624    -0.33   0.740    -.0797665     .056672
                  pop_5 |  -.0192299   .0320264    -0.60   0.548    -.0820799    .0436201
                pop_2_1 |   .0002204   .0002366     0.93   0.352     -.000244    .0006847
                pop_2_2 |   .0003475   .0002292     1.52   0.130    -.0001023    .0007974
                pop_2_3 |   .0000637   .0001558     0.41   0.683     -.000242    .0003693
                pop_2_4 |   .0000363   .0001594     0.23   0.820    -.0002766    .0003492
                pop_2_5 |   .0000737   .0001129     0.65   0.514    -.0001478    .0002953
                pop_3_1 |  -6.35e-07   5.96e-07    -1.07   0.287    -1.80e-06    5.34e-07
                pop_3_2 |  -9.53e-07   5.63e-07    -1.69   0.091    -2.06e-06    1.52e-07
                pop_3_3 |  -1.19e-07   3.23e-07    -0.37   0.712    -7.53e-07    5.14e-07
                pop_3_4 |  -3.59e-08   3.32e-07    -0.11   0.914    -6.87e-07    6.15e-07
                pop_3_5 |  -9.24e-08   1.11e-07    -0.83   0.407    -3.11e-07    1.26e-07
                pop_4_1 |   5.77e-10   5.51e-10     1.05   0.296    -5.05e-10    1.66e-09
                pop_4_2 |   8.73e-10   5.16e-10     1.69   0.091    -1.39e-10    1.89e-09
                pop_4_3 |   5.70e-11   2.76e-10     0.21   0.836    -4.85e-10    5.99e-10
                pop_4_4 |  -2.98e-11   2.95e-10    -0.10   0.920    -6.09e-10    5.49e-10
                pop_4_5 |          0  (omitted)
                pop_5_1 |  -1.12e-13   1.05e-13    -1.07   0.287    -3.19e-13    9.44e-14
                pop_5_2 |  -1.68e-13   9.80e-14    -1.71   0.087    -3.60e-13    2.44e-14
                pop_5_3 |  -1.24e-14   5.20e-14    -0.24   0.812    -1.15e-13    8.98e-14
                pop_5_4 |   4.43e-15   5.57e-14     0.08   0.937    -1.05e-13    1.14e-13
                pop_5_5 |          0  (omitted)
           juden_share1 |  -209.3208   41.15211    -5.09   0.000    -290.0795   -128.5621
           juden_share2 |  -150.0276   39.59767    -3.79   0.000    -227.7358    -72.3194
           juden_share3 |   -62.4447   28.71088    -2.17   0.030    -118.7882   -6.101232
           juden_share4 |   5.327949   27.34635     0.19   0.846    -48.33771    58.99361
           juden_share5 |          0  (omitted)
            kath_share1 |   21.52173   2.024568    10.63   0.000     17.54863    25.49483
            kath_share2 |   17.25099   2.146465     8.04   0.000     13.03867     21.4633
            kath_share3 |  -7.056854   1.206367    -5.85   0.000    -9.424281   -4.689427
            kath_share4 |  -2.404039   1.125753    -2.14   0.033    -4.613266   -.1948114
            kath_share5 |          0  (omitted)
           arbei_share1 |   11.31409   3.717347     3.04   0.002     4.019006    18.60917
           arbei_share2 |   5.358165   3.463522     1.55   0.122      -1.4388    12.15513
           arbei_share3 |    .950726    1.60466     0.59   0.554    -2.198327    4.099779
           arbei_share4 |   2.677939   1.653315     1.62   0.106    -.5665988    5.922476
           arbei_share5 |          0  (omitted)
           anges_share1 |   20.32329    6.80683     2.99   0.003     6.965272    33.68131
           anges_share2 |   27.86402   5.912095     4.71   0.000     16.26187    39.46617
           anges_share3 |   12.99391   3.522334     3.69   0.000      6.08153    19.90629
           anges_share4 |   8.692075    3.03305     2.87   0.004     2.739885    14.64426
           anges_share5 |          0  (omitted)
                  city1 |    .746273   .9336523     0.80   0.424    -1.085967    2.578513
                  city2 |   .7178143   .9070169     0.79   0.429    -1.062155    2.497784
                  city3 |  -.2474177   .5008229    -0.49   0.621    -1.230254    .7354189
                  city4 |  -.2087559   .4536311    -0.46   0.645    -1.098981    .6814694
                  city5 |          0  (omitted)
          war_per1000_1 |  -.0764177   .0890044    -0.86   0.391    -.2510837    .0982483
          war_per1000_2 |  -.0085771   .0841783    -0.10   0.919    -.1737723     .156618
          war_per1000_3 |   -.019495   .0514216    -0.38   0.705    -.1204069    .0814169
          war_per1000_4 |   .0492553   .0473578     1.04   0.299    -.0436816    .1421922
          war_per1000_5 |          0  (omitted)
   in_welfare_per1000_1 |   .0329555   .0233395     1.41   0.158     -.012847     .078758
   in_welfare_per1000_2 |   .0335111   .0242884     1.38   0.168    -.0141535    .0811757
   in_welfare_per1000_3 |   .0178994   .0142733     1.25   0.210     -.010111    .0459099
   in_welfare_per1000_4 |   .0046343   .0133746     0.35   0.729    -.0216125    .0308812
   in_welfare_per1000_5 |          0  (omitted)
sozialrentner_per1000_1 |   .0789833   .0607564     1.30   0.194    -.0402477    .1982143
sozialrentner_per1000_2 |   .0314353   .0651777     0.48   0.630    -.0964722    .1593427
sozialrentner_per1000_3 |   .0189975   .0364656     0.52   0.603    -.0525643    .0905592
sozialrentner_per1000_4 |   .0406128   .0350236     1.16   0.247     -.028119    .1093446
sozialrentner_per1000_5 |          0  (omitted)
            logtaxprop1 |   .5358505   .3458595     1.55   0.122    -.1428793     1.21458
            logtaxprop2 |   .6917717   .3713726     1.86   0.063    -.0370259    1.420569
            logtaxprop3 |   .3713683   .1875849     1.98   0.048     .0032435    .7394931
            logtaxprop4 |  -.2232088   .1964457    -1.14   0.256    -.6087223    .1623048
            logtaxprop5 |          0  (omitted)
              altitude1 |  -.0130819   .0018112    -7.22   0.000    -.0166362   -.0095275
              altitude2 |  -.0099388   .0018102    -5.49   0.000    -.0134913   -.0063864
              altitude3 |  -.0017358   .0010709    -1.62   0.105    -.0038375    .0003658
              altitude4 |  -.0012514   .0011391    -1.10   0.272    -.0034869    .0009841
              altitude5 |          0  (omitted)
           erlos_share1 |   49.10814   10.08114     4.87   0.000     29.32446    68.89182
           erlos_share2 |   42.16826   9.717993     4.34   0.000     23.09724    61.23927
           erlos_share3 |   21.20961   6.218253     3.41   0.001     9.006642    33.41258
           erlos_share4 |   18.13922   4.459615     4.07   0.000     9.387474    26.89096
           erlos_share5 |          0  (omitted)
           brlos_share1 |  -10.55543   9.594503    -1.10   0.272     -29.3841    8.273238
           brlos_share2 |  -9.777121   11.05498    -0.88   0.377    -31.47189    11.91765
           brlos_share3 |   .9466598   6.687756     0.14   0.887    -12.17768      14.071
           brlos_share4 |  -.1019173   5.701187    -0.02   0.986    -11.29017    11.08634
           brlos_share5 |          0  (omitted)
                  bigd1 |    .372585   .2452949     1.52   0.129    -.1087924    .8539623
                  bigd2 |   .1360066   .2295863     0.59   0.554    -.3145435    .5865567
                  bigd3 |   .0787231    .125986     0.62   0.532    -.1685173    .3259636
                  bigd4 |   .1525934   .1228368     1.24   0.214    -.0884668    .3936536
                  bigd5 |          0  (omitted)
            turnout24_1 |   26.96522   4.461417     6.04   0.000     18.20994     35.7205
            turnout24_2 |   10.69557   4.928022     2.17   0.030     1.024604    20.36653
            turnout24_3 |   4.900915   2.868651     1.71   0.088    -.7286501    10.53048
            turnout24_4 |   6.005893   2.837838     2.12   0.035     .4367965    11.57499
            turnout24_5 |          0  (omitted)
               vote24_1 |  -20.30196   2.607471    -7.79   0.000    -25.41898   -15.18495
               vote24_2 |  -2.551557   2.861067    -0.89   0.373    -8.166239    3.063124
               vote24_3 |   6.771424   1.662749     4.07   0.000     3.508373    10.03448
               vote24_4 |   5.450941   1.419003     3.84   0.000     2.666227    8.235655
               vote24_5 |          0  (omitted)
               nsfb24_1 |   9.697566   8.679056     1.12   0.264    -7.334591    26.72972
               nsfb24_2 |   21.41267   8.963431     2.39   0.017      3.82244    39.00289
               nsfb24_3 |   9.022148    3.50234     2.58   0.010     2.149005    15.89529
               nsfb24_4 |   9.154222   3.745856     2.44   0.015     1.803191    16.50525
               nsfb24_5 |          0  (omitted)
                spd24_1 |   18.14907   3.314962     5.47   0.000     11.64365    24.65449
                spd24_2 |   20.76823   3.552455     5.85   0.000     13.79674    27.73972
                spd24_3 |    2.07938   1.962459     1.06   0.290    -1.771835    5.930594
                spd24_4 |   8.556038   1.888965     4.53   0.000     4.849051    12.26303
                spd24_5 |          0  (omitted)
                  z24_1 |   6.238356   2.411714     2.59   0.010     1.505505    10.97121
                  z24_2 |   .5917771   2.402725     0.25   0.806    -4.123434    5.306989
                  z24_3 |   3.278548   1.427095     2.30   0.022     .4779549    6.079141
                  z24_4 |   3.982795   1.370262     2.91   0.004     1.293735    6.671856
                  z24_5 |          0  (omitted)
              wkr_285_1 |  -92.73931   4.887882   -18.97   0.000    -102.3315   -83.14712
              wkr_285_2 |          0  (omitted)
              wkr_285_3 |  -88.84003    5.09397   -17.44   0.000    -98.83665    -78.8434
              wkr_285_4 |  -94.02882   5.025385   -18.71   0.000    -103.8909   -84.16679
              wkr_285_5 |  -90.08941   5.105626   -17.65   0.000    -100.1089   -80.06991
              wkr_285_6 |  -96.29891   5.215395   -18.46   0.000    -106.5338   -86.06399
              wkr_285_7 |  -94.37308   5.075123   -18.60   0.000    -104.3327   -84.41344
              wkr_285_8 |  -93.25638   4.775254   -19.53   0.000    -102.6275   -83.88521
              wkr_285_9 |  -93.04642   5.075019   -18.33   0.000    -103.0059   -83.08699
             wkr_285_10 |   -84.9931    5.06431   -16.78   0.000    -94.93152   -75.05468
             wkr_285_11 |  -85.89772   5.004929   -17.16   0.000    -95.71961   -76.07583
             wkr_285_12 |  -91.43988    4.94474   -18.49   0.000    -101.1436   -81.73611
             wkr_285_13 |  -80.44518   4.938992   -16.29   0.000    -90.13767   -70.75269
             wkr_285_14 |  -92.85233   5.053896   -18.37   0.000    -102.7703   -82.93435
             wkr_285_15 |  -91.49609   5.035471   -18.17   0.000    -101.3779   -81.61426
             wkr_285_16 |  -87.54178   4.980023   -17.58   0.000    -97.31479   -77.76877
             wkr_285_17 |  -84.33534   5.053961   -16.69   0.000    -94.25345   -74.41722
             wkr_285_18 |  -89.83506   4.822268   -18.63   0.000    -99.29849   -80.37163
             wkr_285_19 |  -89.54791   4.758294   -18.82   0.000    -98.88579   -80.21002
             wkr_285_20 |  -87.68282   4.786636   -18.32   0.000    -97.07632   -78.28932
             wkr_285_21 |    -84.997   5.115464   -16.62   0.000    -95.03581   -74.95819
             wkr_285_22 |  -92.79616   4.935546   -18.80   0.000    -102.4819   -83.11043
             wkr_285_23 |  -85.05378   5.372229   -15.83   0.000    -95.59647   -74.51108
             wkr_285_24 |  -84.04637    5.09478   -16.50   0.000    -94.04459   -74.04815
             wkr_285_25 |  -79.30692   5.120028   -15.49   0.000    -89.35468   -69.25915
             wkr_285_26 |  -89.60091   4.723918   -18.97   0.000    -98.87133   -80.33049
             wkr_285_27 |  -87.91492   5.128891   -17.14   0.000    -97.98008   -77.84976
             wkr_285_28 |   -87.4072   5.185264   -16.86   0.000    -97.58299   -77.23141
             wkr_285_29 |  -89.34333   5.001232   -17.86   0.000    -99.15796   -79.52869
             wkr_285_30 |  -81.90345   4.750904   -17.24   0.000    -91.22683   -72.58007
             wkr_285_31 |    -90.858   4.602416   -19.74   0.000    -99.88998   -81.82602
             wkr_285_32 |  -92.45997   5.051308   -18.30   0.000    -102.3729   -82.54707
             wkr_285_33 |  -235.8803   133.1306    -1.77   0.077    -497.1414    25.38091
             wkr_285_34 |  -90.37967   4.957451   -18.23   0.000    -100.1084   -80.65095
              wkr_309_1 |  -61.94768   5.658819   -10.95   0.000    -73.05279   -50.84257
              wkr_309_2 |          0  (omitted)
              wkr_309_3 |  -56.77801   5.761315    -9.86   0.000    -68.08426   -45.47176
              wkr_309_4 |  -60.80406   5.771914   -10.53   0.000    -72.13112   -49.47701
              wkr_309_5 |   -58.2537   5.859643    -9.94   0.000    -69.75292   -46.75448
              wkr_309_6 |  -56.95778   5.971114    -9.54   0.000    -68.67575   -45.23981
              wkr_309_7 |  -62.11184   5.698594   -10.90   0.000    -73.29501   -50.92867
              wkr_309_8 |  -67.25541   5.423619   -12.40   0.000    -77.89895   -56.61186
              wkr_309_9 |  -61.63226   5.800263   -10.63   0.000    -73.01495   -50.24957
             wkr_309_10 |   -54.4681   6.006772    -9.07   0.000    -66.25605   -42.68015
             wkr_309_11 |  -55.87022   5.752865    -9.71   0.000    -67.15989   -44.58055
             wkr_309_12 |   -56.6115   5.687017    -9.95   0.000    -67.77195   -45.45105
             wkr_309_13 |  -49.73821   5.620672    -8.85   0.000    -60.76846   -38.70796
             wkr_309_14 |  -62.55229    5.60845   -11.15   0.000    -73.55856   -51.54602
             wkr_309_15 |  -56.46417    5.81642    -9.71   0.000    -67.87856   -45.04977
             wkr_309_16 |  -56.94047   5.741946    -9.92   0.000    -68.20871   -45.67223
             wkr_309_17 |  -52.50366   5.788653    -9.07   0.000    -63.86357   -41.14376
             wkr_309_18 |  -58.95292   5.602937   -10.52   0.000    -69.94836   -47.95747
             wkr_309_19 |  -54.88664   5.475629   -10.02   0.000    -65.63225   -44.14102
             wkr_309_20 |  -55.15404   5.507394   -10.01   0.000    -65.96199   -44.34609
             wkr_309_21 |  -50.59865     5.8345    -8.67   0.000    -62.04853   -39.14878
             wkr_309_22 |  -56.19436    5.82303    -9.65   0.000    -67.62173   -44.76699
             wkr_309_23 |  -60.10531   6.175904    -9.73   0.000    -72.22517   -47.98545
             wkr_309_24 |  -59.71493   5.859724   -10.19   0.000    -71.21431   -48.21556
             wkr_309_25 |  -55.70334   5.941946    -9.37   0.000    -67.36408   -44.04261
             wkr_309_26 |  -56.03954   5.417264   -10.34   0.000    -66.67062   -45.40847
             wkr_309_27 |  -59.84887   5.805479   -10.31   0.000    -71.24179   -48.45595
             wkr_309_28 |  -59.11242   5.908245   -10.01   0.000    -70.70702   -47.51782
             wkr_309_29 |  -56.15803   5.825774    -9.64   0.000    -67.59078   -44.72527
             wkr_309_30 |  -58.85351   5.532735   -10.64   0.000    -69.71119   -47.99583
             wkr_309_31 |  -58.62553   5.310235   -11.04   0.000    -69.04657    -48.2045
             wkr_309_32 |  -59.49335   5.580964   -10.66   0.000    -70.44567   -48.54102
             wkr_309_33 |  -269.1081   119.7957    -2.25   0.025    -504.2003   -34.01593
             wkr_309_34 |  -61.25182   5.770612   -10.61   0.000    -72.57632   -49.92732
              wkr_327_1 |  -21.63272   3.174291    -6.81   0.000    -27.86208   -15.40335
              wkr_327_2 |          0  (omitted)
              wkr_327_3 |  -20.15169   3.249885    -6.20   0.000    -26.52941   -13.77398
              wkr_327_4 |  -20.16957   3.222631    -6.26   0.000    -26.49381   -13.84534
              wkr_327_5 |   -23.5403   3.296666    -7.14   0.000    -30.00982   -17.07078
              wkr_327_6 |  -17.65713    3.33025    -5.30   0.000    -24.19255    -11.1217
              wkr_327_7 |  -18.75166   3.159675    -5.93   0.000    -24.95234   -12.55097
              wkr_327_8 |   -19.9878   3.081307    -6.49   0.000    -26.03469   -13.94091
              wkr_327_9 |  -18.34425   3.256332    -5.63   0.000    -24.73462   -11.95388
             wkr_327_10 |  -17.53508   3.262593    -5.37   0.000    -23.93773   -11.13242
             wkr_327_11 |   -16.1779   3.120126    -5.19   0.000    -22.30097   -10.05483
             wkr_327_12 |   -16.6369   3.094519    -5.38   0.000    -22.70972   -10.56408
             wkr_327_13 |  -13.68422   3.016775    -4.54   0.000    -19.60447   -7.763974
             wkr_327_14 |  -17.37892    3.13274    -5.55   0.000    -23.52674    -11.2311
             wkr_327_15 |  -16.22337   3.395353    -4.78   0.000    -22.88656   -9.560186
             wkr_327_16 |  -18.47905   3.157103    -5.85   0.000    -24.67469   -12.28342
             wkr_327_17 |  -15.56946   3.170406    -4.91   0.000     -21.7912   -9.347714
             wkr_327_18 |   -16.8661   3.121145    -5.40   0.000    -22.99117   -10.74103
             wkr_327_19 |  -18.66926    3.10354    -6.02   0.000    -24.75978   -12.57874
             wkr_327_20 |  -16.34955   3.108342    -5.26   0.000    -22.44949    -10.2496
             wkr_327_21 |  -14.52848    3.17628    -4.57   0.000    -20.76175   -8.295206
             wkr_327_22 |  -16.61314   3.137188    -5.30   0.000     -22.7697   -10.45659
             wkr_327_23 |  -18.86011   3.441646    -5.48   0.000    -25.61415   -12.10607
             wkr_327_24 |  -20.94278   3.296567    -6.35   0.000    -27.41211   -14.47346
             wkr_327_25 |  -14.00045   3.244795    -4.31   0.000    -20.36818   -7.632724
             wkr_327_26 |  -10.62523   3.082202    -3.45   0.001    -16.67387   -4.576579
             wkr_327_27 |  -18.19753   3.287408    -5.54   0.000    -24.64888   -11.74617
             wkr_327_28 |  -17.22061   3.273902    -5.26   0.000    -23.64546   -10.79576
             wkr_327_29 |  -17.04985   3.211713    -5.31   0.000    -23.35266   -10.74705
             wkr_327_30 |  -19.96184   3.039617    -6.57   0.000    -25.92692   -13.99677
             wkr_327_31 |  -16.14205   2.894968    -5.58   0.000    -21.82326   -10.46084
             wkr_327_32 |  -14.28189    2.99017    -4.78   0.000    -20.14993   -8.413848
             wkr_327_33 |  -45.51881   59.93778    -0.76   0.448    -163.1433    72.10569
             wkr_327_34 |  -18.52233   3.114988    -5.95   0.000    -24.63532   -12.40935
              wkr_32n_1 |  -28.81894   3.149429    -9.15   0.000    -34.99952   -22.63837
              wkr_32n_2 |          0  (omitted)
              wkr_32n_3 |  -24.79325   3.287251    -7.54   0.000     -31.2443   -18.34221
              wkr_32n_4 |  -25.85777   3.238264    -7.99   0.000    -32.21268   -19.50286
              wkr_32n_5 |  -27.55363   3.303777    -8.34   0.000     -34.0371   -21.07015
              wkr_32n_6 |  -22.35016   3.396455    -6.58   0.000    -29.01551   -15.68481
              wkr_32n_7 |  -24.58853   3.227877    -7.62   0.000    -30.92305     -18.254
              wkr_32n_8 |  -25.07098    3.09205    -8.11   0.000    -31.13895   -19.00301
              wkr_32n_9 |  -22.90512   3.291465    -6.96   0.000    -29.36444   -16.44581
             wkr_32n_10 |  -24.15274   3.335649    -7.24   0.000    -30.69876   -17.60672
             wkr_32n_11 |  -22.10229   3.229361    -6.84   0.000    -28.43973   -15.76485
             wkr_32n_12 |  -20.06281   3.158341    -6.35   0.000    -26.26088   -13.86475
             wkr_32n_13 |  -19.95575   3.037741    -6.57   0.000    -25.91714   -13.99435
             wkr_32n_14 |  -24.21258   3.183764    -7.61   0.000    -30.46054   -17.96463
             wkr_32n_15 |  -21.72821   3.231343    -6.72   0.000    -28.06954   -15.38688
             wkr_32n_16 |  -23.74121   3.200238    -7.42   0.000     -30.0215   -17.46093
             wkr_32n_17 |  -19.69393   3.246744    -6.07   0.000    -26.06548   -13.32238
             wkr_32n_18 |  -19.32833   3.118945    -6.20   0.000    -25.44908   -13.20757
             wkr_32n_19 |  -23.45352   3.189066    -7.35   0.000    -29.71188   -17.19516
             wkr_32n_20 |  -22.58194   3.126456    -7.22   0.000    -28.71743   -16.44645
             wkr_32n_21 |  -19.36165   3.248504    -5.96   0.000    -25.73666   -12.98665
             wkr_32n_22 |   -21.2862   3.236017    -6.58   0.000     -27.6367    -14.9357
             wkr_32n_23 |  -23.32667   3.437225    -6.79   0.000    -30.07203   -16.58131
             wkr_32n_24 |  -26.44051   3.253613    -8.13   0.000    -32.82555   -20.05548
             wkr_32n_25 |  -19.00719    3.25802    -5.83   0.000    -25.40088   -12.61351
             wkr_32n_26 |  -14.06696   3.135791    -4.49   0.000    -20.22077   -7.913145
             wkr_32n_27 |  -23.69168   3.365938    -7.04   0.000    -30.29715   -17.08622
             wkr_32n_28 |  -22.17373   3.350714    -6.62   0.000    -28.74931   -15.59814
             wkr_32n_29 |  -20.19193   3.246552    -6.22   0.000     -26.5631   -13.82076
             wkr_32n_30 |   -25.1939   3.115016    -8.09   0.000    -31.30695   -19.08086
             wkr_32n_31 |  -21.10424    2.99649    -7.04   0.000    -26.98469    -15.2238
             wkr_32n_32 |  -18.15563   3.046962    -5.96   0.000    -24.13512   -12.17614
             wkr_32n_33 |  -26.02226    63.9466    -0.41   0.684    -151.5138    99.46932
             wkr_32n_34 |  -26.42361   3.204075    -8.25   0.000    -32.71143    -20.1358
              wkr_333_1 |          0  (omitted)
              wkr_333_2 |          0  (omitted)
              wkr_333_3 |          0  (omitted)
              wkr_333_4 |          0  (omitted)
              wkr_333_5 |          0  (omitted)
              wkr_333_6 |          0  (omitted)
              wkr_333_7 |          0  (omitted)
              wkr_333_8 |          0  (omitted)
              wkr_333_9 |          0  (omitted)
             wkr_333_10 |          0  (omitted)
             wkr_333_11 |          0  (omitted)
             wkr_333_12 |          0  (omitted)
             wkr_333_13 |          0  (omitted)
             wkr_333_14 |          0  (omitted)
             wkr_333_15 |          0  (omitted)
             wkr_333_16 |          0  (omitted)
             wkr_333_17 |          0  (omitted)
             wkr_333_18 |          0  (omitted)
             wkr_333_19 |          0  (omitted)
             wkr_333_20 |          0  (omitted)
             wkr_333_21 |          0  (omitted)
             wkr_333_22 |          0  (omitted)
             wkr_333_23 |          0  (omitted)
             wkr_333_24 |          0  (omitted)
             wkr_333_25 |          0  (omitted)
             wkr_333_26 |          0  (omitted)
             wkr_333_27 |          0  (omitted)
             wkr_333_28 |          0  (omitted)
             wkr_333_29 |          0  (omitted)
             wkr_333_30 |          0  (omitted)
             wkr_333_31 |          0  (omitted)
             wkr_333_32 |          0  (omitted)
             wkr_333_33 |          0  (omitted)
             wkr_333_34 |          0  (omitted)
                  _cons |   52.82766   7.049027     7.49   0.000     38.99435    66.66098
------------------------+----------------------------------------------------------------
                sigma_u |  158.40484
                sigma_e |  3.2636281
                    rho |  .99957569   (fraction of variance due to u_i)
-----------------------------------------------------------------------------------------

. *Column 4
. xtreg Nazi_share ss_nl_artf ///
> pop_1 pop_2 pop_3 pop_4 pop_5 ///
> pop_2_1 pop_2_2 pop_2_3 pop_2_4 pop_2_5 ///
> pop_3_1 pop_3_2 pop_3_3 pop_3_4 pop_3_5 ///
> pop_4_1 pop_4_2 pop_4_3 pop_4_4 pop_4_5 ///
> pop_5_1 pop_5_2 pop_5_3 pop_5_4 pop_5_5 ///
> juden_share1 juden_share2 juden_share3 juden_share4 juden_share5 ///
> kath_share1 kath_share2 kath_share3 kath_share4 kath_share5 ///
> arbei_share1 arbei_share2 arbei_share3 arbei_share4 arbei_share5 ///
> anges_share1 anges_share2 anges_share3 anges_share4 anges_share5 ///
> city1 city2 city3 city4 city5 ///
> war_per1000_1 war_per1000_2 war_per1000_3 war_per1000_4 war_per1000_5 ///
> in_welfare_per1000_1 in_welfare_per1000_2 in_welfare_per1000_3 in_welfare_per1000_4 in_welfare_per1000
> _5 ///
> sozialrentner_per1000_1 sozialrentner_per1000_2 sozialrentner_per1000_3 sozialrentner_per1000_4 sozial
> rentner_per1000_5 ///
> logtaxprop1 logtaxprop2 logtaxprop3 logtaxprop4 logtaxprop5 ///
> altitude1 altitude2 altitude3 altitude4 altitude5 ///
> erlos_share1 erlos_share2 erlos_share3 erlos_share4 erlos_share5 ///
> brlos_share1 brlos_share2 brlos_share3 brlos_share4 brlos_share5 ///
> bigd1 bigd2 bigd3 bigd4 bigd5 ///
> turnout24_1 turnout24_2 turnout24_3 turnout24_4 turnout24_5 ///
> vote24_1 vote24_2 vote24_3 vote24_4 vote24_5 ///
> nsfb24_1 nsfb24_2 nsfb24_3 nsfb24_4 nsfb24_5 ///
> spd24_1 spd24_2 spd24_3 spd24_4 spd24_5 ///
> z24_1 z24_2 z24_3 z24_4 z24_5 ///
> wkr_285_1 wkr_285_2 wkr_285_3 wkr_285_4 wkr_285_5 wkr_285_6 wkr_285_7 wkr_285_8 wkr_285_9 wkr_285_10 w
> kr_285_11 wkr_285_12 wkr_285_13 wkr_285_14 wkr_285_15 wkr_285_16 wkr_285_17 wkr_285_18 wkr_285_19 wkr_
> 285_20 wkr_285_21 wkr_285_22 wkr_285_23 wkr_285_24 wkr_285_25 wkr_285_26 wkr_285_27 wkr_285_28 wkr_285
> _29 wkr_285_30 wkr_285_31 wkr_285_32 wkr_285_33 wkr_285_34 ///
> wkr_309_1 wkr_309_2 wkr_309_3 wkr_309_4 wkr_309_5 wkr_309_6 wkr_309_7 wkr_309_8 wkr_309_9 wkr_309_10 w
> kr_309_11 wkr_309_12 wkr_309_13 wkr_309_14 wkr_309_15 wkr_309_16 wkr_309_17 wkr_309_18 wkr_309_19 wkr_
> 309_20 wkr_309_21 wkr_309_22 wkr_309_23 wkr_309_24 wkr_309_25 wkr_309_26 wkr_309_27 wkr_309_28 wkr_309
> _29 wkr_309_30 wkr_309_31 wkr_309_32 wkr_309_33 wkr_309_34 ///
> wkr_327_1 wkr_327_2 wkr_327_3 wkr_327_4 wkr_327_5 wkr_327_6 wkr_327_7 wkr_327_8 wkr_327_9 wkr_327_10 w
> kr_327_11 wkr_327_12 wkr_327_13 wkr_327_14 wkr_327_15 wkr_327_16 wkr_327_17 wkr_327_18 wkr_327_19 wkr_
> 327_20 wkr_327_21 wkr_327_22 wkr_327_23 wkr_327_24 wkr_327_25 wkr_327_26 wkr_327_27 wkr_327_28 wkr_327
> _29 wkr_327_30 wkr_327_31 wkr_327_32 wkr_327_33 wkr_327_34 ///
> wkr_32n_1 wkr_32n_2 wkr_32n_3 wkr_32n_4 wkr_32n_5 wkr_32n_6     wkr_32n_7 wkr_32n_8     wkr_32n_9 wkr_
> 32n_10 wkr_32n_11 wkr_32n_12 wkr_32n_13 wkr_32n_14 wkr_32n_15     wkr_32n_16 wkr_32n_17   wkr_32n_18 w
> kr_32n_19 wkr_32n_20 wkr_32n_21     wkr_32n_22 wkr_32n_23 wkr_32n_24 wkr_32n_25     wkr_32n_26 wkr_32n
> _27 wkr_32n_28 wkr_32n_29     wkr_32n_30 wkr_32n_31 wkr_32n_32 wkr_32n_33     wkr_32n_34 ///
> wkr_333_1 wkr_333_2     wkr_333_3 wkr_333_4     wkr_333_5 wkr_333_6     wkr_333_7 wkr_333_8     wkr_33
> 3_9 wkr_333_10 wkr_333_11 wkr_333_12 wkr_333_13 wkr_333_14 wkr_333_15 wkr_333_16 wkr_333_17 wkr_333_18
>  wkr_333_19 wkr_333_20 wkr_333_21 wkr_333_22 wkr_333_23 wkr_333_24 wkr_333_25 wkr_333_26 wkr_333_27 wk
> r_333_28 wkr_333_29 wkr_333_30 wkr_333_31 wkr_333_32 wkr_333_33 wkr_333_34, fe cluster(id) ///
> 
note: pop_4_5 omitted because of collinearity
note: pop_5_5 omitted because of collinearity
note: juden_share5 omitted because of collinearity
note: kath_share5 omitted because of collinearity
note: arbei_share5 omitted because of collinearity
note: anges_share5 omitted because of collinearity
note: city5 omitted because of collinearity
note: war_per1000_5 omitted because of collinearity
note: in_welfare_per1000_5 omitted because of collinearity
note: sozialrentner_per1000_5 omitted because of collinearity
note: logtaxprop5 omitted because of collinearity
note: altitude5 omitted because of collinearity
note: erlos_share5 omitted because of collinearity
note: brlos_share5 omitted because of collinearity
note: bigd5 omitted because of collinearity
note: turnout24_5 omitted because of collinearity
note: vote24_5 omitted because of collinearity
note: nsfb24_5 omitted because of collinearity
note: spd24_5 omitted because of collinearity
note: z24_5 omitted because of collinearity
note: wkr_285_2 omitted because of collinearity
note: wkr_309_2 omitted because of collinearity
note: wkr_327_2 omitted because of collinearity
note: wkr_32n_2 omitted because of collinearity
note: wkr_333_1 omitted because of collinearity
note: wkr_333_2 omitted because of collinearity
note: wkr_333_3 omitted because of collinearity
note: wkr_333_4 omitted because of collinearity
note: wkr_333_5 omitted because of collinearity
note: wkr_333_6 omitted because of collinearity
note: wkr_333_7 omitted because of collinearity
note: wkr_333_8 omitted because of collinearity
note: wkr_333_9 omitted because of collinearity
note: wkr_333_10 omitted because of collinearity
note: wkr_333_11 omitted because of collinearity
note: wkr_333_12 omitted because of collinearity
note: wkr_333_13 omitted because of collinearity
note: wkr_333_14 omitted because of collinearity
note: wkr_333_15 omitted because of collinearity
note: wkr_333_16 omitted because of collinearity
note: wkr_333_17 omitted because of collinearity
note: wkr_333_18 omitted because of collinearity
note: wkr_333_19 omitted because of collinearity
note: wkr_333_20 omitted because of collinearity
note: wkr_333_21 omitted because of collinearity
note: wkr_333_22 omitted because of collinearity
note: wkr_333_23 omitted because of collinearity
note: wkr_333_24 omitted because of collinearity
note: wkr_333_25 omitted because of collinearity
note: wkr_333_26 omitted because of collinearity
note: wkr_333_27 omitted because of collinearity
note: wkr_333_28 omitted because of collinearity
note: wkr_333_29 omitted because of collinearity
note: wkr_333_30 omitted because of collinearity
note: wkr_333_31 omitted because of collinearity
note: wkr_333_32 omitted because of collinearity
note: wkr_333_33 omitted because of collinearity
note: wkr_333_34 omitted because of collinearity

Fixed-effects (within) regression               Number of obs     =      4,713
Group variable: id                              Number of groups  =        959

R-sq:                                           Obs per group:
     within  = 0.9719                                         min =          2
     between = 0.0003                                         avg =        4.9
     overall = 0.0090                                         max =          5

                                                F(220,958)        =          .
corr(u_i, Xb)  = -0.9930                        Prob > F          =          .

                                              (Std. Err. adjusted for 959 clusters in id)
-----------------------------------------------------------------------------------------
                        |               Robust
             Nazi_share |      Coef.   Std. Err.      t    P>|t|     [95% Conf. Interval]
------------------------+----------------------------------------------------------------
             ss_nl_artf |   .1227587   .0271217     4.53   0.000     .0695339    .1759834
                  pop_1 |  -.0177099   .0396604    -0.45   0.655    -.0955413    .0601214
                  pop_2 |  -.0441136   .0394962    -1.12   0.264    -.1216226    .0333954
                  pop_3 |  -.0121325   .0337003    -0.36   0.719    -.0782675    .0540025
                  pop_4 |  -.0101281   .0347007    -0.29   0.770    -.0782261      .05797
                  pop_5 |  -.0192999   .0319419    -0.60   0.546    -.0819841    .0433843
                pop_2_1 |   .0002186   .0002373     0.92   0.357    -.0002471    .0006844
                pop_2_2 |   .0003473   .0002301     1.51   0.132    -.0001043    .0007989
                pop_2_3 |   .0000546   .0001567     0.35   0.728    -.0002529    .0003621
                pop_2_4 |   .0000266   .0001601     0.17   0.868    -.0002877    .0003408
                pop_2_5 |   .0000745   .0001129     0.66   0.509    -.0001471    .0002962
                pop_3_1 |  -6.31e-07   5.98e-07    -1.06   0.292    -1.81e-06    5.43e-07
                pop_3_2 |  -9.49e-07   5.67e-07    -1.67   0.095    -2.06e-06    1.64e-07
                pop_3_3 |  -8.91e-08   3.27e-07    -0.27   0.785    -7.31e-07    5.53e-07
                pop_3_4 |  -7.13e-09   3.35e-07    -0.02   0.983    -6.65e-07    6.51e-07
                pop_3_5 |  -9.39e-08   1.12e-07    -0.84   0.400    -3.13e-07    1.25e-07
                pop_4_1 |   5.73e-10   5.54e-10     1.03   0.301    -5.14e-10    1.66e-09
                pop_4_2 |   8.65e-10   5.21e-10     1.66   0.097    -1.57e-10    1.89e-09
                pop_4_3 |   2.32e-11   2.80e-10     0.08   0.934    -5.27e-10    5.73e-10
                pop_4_4 |  -5.96e-11   2.99e-10    -0.20   0.842    -6.46e-10    5.27e-10
                pop_4_5 |          0  (omitted)
                pop_5_1 |  -1.11e-13   1.06e-13    -1.05   0.292    -3.19e-13    9.61e-14
                pop_5_2 |  -1.66e-13   9.90e-14    -1.68   0.093    -3.60e-13    2.80e-14
                pop_5_3 |  -5.81e-15   5.29e-14    -0.11   0.913    -1.10e-13    9.80e-14
                pop_5_4 |   1.01e-14   5.63e-14     0.18   0.857    -1.00e-13    1.21e-13
                pop_5_5 |          0  (omitted)
           juden_share1 |  -208.2642   41.11786    -5.07   0.000    -288.9557   -127.5728
           juden_share2 |  -148.6975   39.51244    -3.76   0.000    -226.2384   -71.15661
           juden_share3 |  -60.98401   28.70677    -2.12   0.034    -117.3194   -4.648591
           juden_share4 |   6.001323   27.45014     0.22   0.827    -47.86802    59.87067
           juden_share5 |          0  (omitted)
            kath_share1 |    21.5402   2.026456    10.63   0.000     17.56339      25.517
            kath_share2 |   17.16095   2.141684     8.01   0.000     12.95802    21.36388
            kath_share3 |   -7.06921   1.200122    -5.89   0.000    -9.424381    -4.71404
            kath_share4 |  -2.404514    1.12026    -2.15   0.032    -4.602961   -.2060679
            kath_share5 |          0  (omitted)
           arbei_share1 |   11.26351   3.728137     3.02   0.003     3.947254    18.57977
           arbei_share2 |   5.425624   3.488515     1.56   0.120     -1.42039    12.27164
           arbei_share3 |   1.006774   1.613818     0.62   0.533    -2.160253    4.173801
           arbei_share4 |   2.589047   1.662263     1.56   0.120    -.6730495    5.851144
           arbei_share5 |          0  (omitted)
           anges_share1 |   20.24881   6.808304     2.97   0.003     6.887901    33.60972
           anges_share2 |    27.5287   5.882478     4.68   0.000     15.98467    39.07273
           anges_share3 |   12.84369   3.504638     3.66   0.000     5.966035    19.72134
           anges_share4 |   8.674486   3.018872     2.87   0.004      2.75012    14.59885
           anges_share5 |          0  (omitted)
                  city1 |   .7538198   .9357396     0.81   0.421    -1.082516    2.590156
                  city2 |   .7395695   .9061727     0.82   0.415    -1.038743    2.517882
                  city3 |  -.2326508   .5005136    -0.46   0.642     -1.21488    .7495787
                  city4 |  -.1946659   .4534577    -0.43   0.668    -1.084551    .6952192
                  city5 |          0  (omitted)
          war_per1000_1 |  -.0785543   .0892102    -0.88   0.379    -.2536243    .0965156
          war_per1000_2 |  -.0121574   .0843284    -0.14   0.885    -.1776471    .1533322
          war_per1000_3 |  -.0232637   .0518016    -0.45   0.653    -.1249214     .078394
          war_per1000_4 |   .0456561   .0475419     0.96   0.337    -.0476422    .1389544
          war_per1000_5 |          0  (omitted)
   in_welfare_per1000_1 |   .0335979   .0233979     1.44   0.151    -.0123192    .0795149
   in_welfare_per1000_2 |   .0346907   .0242748     1.43   0.153    -.0129473    .0823286
   in_welfare_per1000_3 |   .0187965   .0142202     1.32   0.187    -.0091099    .0467029
   in_welfare_per1000_4 |   .0057849   .0133581     0.43   0.665    -.0204296    .0319995
   in_welfare_per1000_5 |          0  (omitted)
sozialrentner_per1000_1 |   .0801463   .0608235     1.32   0.188    -.0392165    .1995091
sozialrentner_per1000_2 |   .0335306   .0653329     0.51   0.608    -.0946815    .1617426
sozialrentner_per1000_3 |    .021277   .0363417     0.59   0.558    -.0500415    .0925955
sozialrentner_per1000_4 |   .0426978   .0350042     1.22   0.223    -.0259959    .1113915
sozialrentner_per1000_5 |          0  (omitted)
            logtaxprop1 |    .528144   .3463991     1.52   0.128    -.1516446    1.207933
            logtaxprop2 |   .6566882   .3708842     1.77   0.077     -.071151    1.384527
            logtaxprop3 |   .3508902   .1877107     1.87   0.062    -.0174814    .7192617
            logtaxprop4 |  -.2364124   .1987819    -1.19   0.235    -.6265106    .1536859
            logtaxprop5 |          0  (omitted)
              altitude1 |  -.0131511   .0018129    -7.25   0.000    -.0167088   -.0095934
              altitude2 |  -.0100487   .0018171    -5.53   0.000    -.0136146   -.0064827
              altitude3 |   -.001804   .0010894    -1.66   0.098    -.0039419    .0003339
              altitude4 |  -.0013036   .0011456    -1.14   0.255    -.0035518    .0009446
              altitude5 |          0  (omitted)
           erlos_share1 |   49.54646   10.08476     4.91   0.000     29.75569    69.33722
           erlos_share2 |    43.3751   9.664181     4.49   0.000     24.40969    62.34051
           erlos_share3 |   22.31566    6.13751     3.64   0.000     10.27115    34.36018
           erlos_share4 |   18.87687   4.481245     4.21   0.000     10.08268    27.67106
           erlos_share5 |          0  (omitted)
           brlos_share1 |  -10.92263   9.603292    -1.14   0.256    -29.76855    7.923283
           brlos_share2 |  -10.39407    11.0294    -0.94   0.346    -32.03864     11.2505
           brlos_share3 |   .2975518   6.689001     0.04   0.965    -12.82923    13.42434
           brlos_share4 |  -.9174128   5.730141    -0.16   0.873    -12.16249    10.32766
           brlos_share5 |          0  (omitted)
                  bigd1 |    .373591   .2455002     1.52   0.128    -.1081893    .8553713
                  bigd2 |   .0908292   .2308854     0.39   0.694    -.3622704    .5439287
                  bigd3 |   .0806284   .1252836     0.64   0.520    -.1652336    .3264904
                  bigd4 |   .1591081   .1222172     1.30   0.193    -.0807364    .3989525
                  bigd5 |          0  (omitted)
            turnout24_1 |   26.90867   4.460278     6.03   0.000     18.15563    35.66172
            turnout24_2 |   10.63676   4.901831     2.17   0.030     1.017197    20.25633
            turnout24_3 |   4.683502   2.839409     1.65   0.099    -.8886765    10.25568
            turnout24_4 |   5.670875   2.820022     2.01   0.045     .1367408    11.20501
            turnout24_5 |          0  (omitted)
               vote24_1 |  -20.27065   2.613399    -7.76   0.000    -25.39929     -15.142
               vote24_2 |  -2.488891   2.854778    -0.87   0.384    -8.091231    3.113448
               vote24_3 |   6.840132   1.659386     4.12   0.000     3.583682    10.09658
               vote24_4 |   5.449014   1.424765     3.82   0.000     2.652993    8.245036
               vote24_5 |          0  (omitted)
               nsfb24_1 |   9.901587   8.680693     1.14   0.254    -7.133782    26.93695
               nsfb24_2 |   21.59852   8.906868     2.42   0.015     4.119295    39.07774
               nsfb24_3 |   9.477277   3.462348     2.74   0.006     2.682615    16.27194
               nsfb24_4 |   9.843606   3.744612     2.63   0.009     2.495018    17.19219
               nsfb24_5 |          0  (omitted)
                spd24_1 |   18.19551   3.318337     5.48   0.000     11.68346    24.70755
                spd24_2 |   20.68675   3.548549     5.83   0.000     13.72293    27.65058
                spd24_3 |   2.020669   1.955802     1.03   0.302    -1.817482    5.858821
                spd24_4 |   8.663743   1.877512     4.61   0.000     4.979232    12.34825
                spd24_5 |          0  (omitted)
                  z24_1 |   6.163854   2.410612     2.56   0.011     1.433165    10.89454
                  z24_2 |   .5509166   2.389463     0.23   0.818    -4.138269    5.240102
                  z24_3 |   3.173847   1.422717     2.23   0.026     .3818458    5.965848
                  z24_4 |   3.898381   1.368933     2.85   0.004     1.211928    6.584833
                  z24_5 |          0  (omitted)
              wkr_285_1 |  -90.52792   4.934799   -18.34   0.000    -100.2122   -80.84366
              wkr_285_2 |          0  (omitted)
              wkr_285_3 |  -86.63206   5.150123   -16.82   0.000    -96.73888   -76.52523
              wkr_285_4 |  -91.79217   5.077549   -18.08   0.000    -101.7566   -81.82777
              wkr_285_5 |  -87.68887   5.158622   -17.00   0.000    -97.81237   -77.56537
              wkr_285_6 |  -94.08064   5.276094   -17.83   0.000    -104.4347    -83.7266
              wkr_285_7 |  -92.18816   5.129064   -17.97   0.000    -102.2537   -82.12267
              wkr_285_8 |  -91.04832   4.844391   -18.79   0.000    -100.5552   -81.54148
              wkr_285_9 |  -90.86032   5.124836   -17.73   0.000    -100.9175   -80.80312
             wkr_285_10 |  -82.75789   5.118882   -16.17   0.000     -92.8034   -72.71237
             wkr_285_11 |  -83.66219   5.058981   -16.54   0.000    -93.59015   -73.73422
             wkr_285_12 |  -89.15434   4.998873   -17.83   0.000    -98.96435   -79.34434
             wkr_285_13 |  -78.04247   4.986475   -15.65   0.000    -87.82814    -68.2568
             wkr_285_14 |  -90.52288   5.107937   -17.72   0.000    -100.5469   -80.49885
             wkr_285_15 |  -89.21159    5.08297   -17.55   0.000    -99.18664   -79.23655
             wkr_285_16 |  -85.27843   5.025602   -16.97   0.000    -95.14089   -75.41597
             wkr_285_17 |  -82.04513   5.121152   -16.02   0.000     -92.0951   -71.99516
             wkr_285_18 |  -87.60885   4.879485   -17.95   0.000    -97.18456   -78.03313
             wkr_285_19 |  -87.36216   4.816663   -18.14   0.000    -96.81459   -77.90974
             wkr_285_20 |  -85.43936   4.848445   -17.62   0.000    -94.95416   -75.92456
             wkr_285_21 |  -82.57165   5.191987   -15.90   0.000    -92.76063   -72.38267
             wkr_285_22 |  -90.51601   4.997724   -18.11   0.000    -100.3238   -80.70826
             wkr_285_23 |  -82.80261   5.444709   -15.21   0.000    -93.48754   -72.11767
             wkr_285_24 |  -81.82805    5.15634   -15.87   0.000    -91.94708   -71.70902
             wkr_285_25 |  -77.10995   5.179972   -14.89   0.000    -87.27535   -66.94455
             wkr_285_26 |  -87.42855   4.782754   -18.28   0.000    -96.81443   -78.04267
             wkr_285_27 |  -85.68953   5.183219   -16.53   0.000    -95.86131   -75.51776
             wkr_285_28 |  -85.10745   5.246768   -16.22   0.000    -95.40393   -74.81096
             wkr_285_29 |  -87.17761   5.054961   -17.25   0.000    -97.09768   -77.25753
             wkr_285_30 |  -79.61535    4.82421   -16.50   0.000    -89.08259   -70.14811
             wkr_285_31 |  -88.56513   4.670212   -18.96   0.000    -97.73015    -79.4001
             wkr_285_32 |  -90.29378   5.112733   -17.66   0.000    -100.3272   -80.26033
             wkr_285_33 |  -233.0421   134.0894    -1.74   0.083    -496.1849     30.1008
             wkr_285_34 |  -88.09058    5.01109   -17.58   0.000    -97.92456    -78.2566
              wkr_309_1 |  -56.64137   5.833954    -9.71   0.000    -68.09017   -45.19257
              wkr_309_2 |          0  (omitted)
              wkr_309_3 |  -51.90334   5.968488    -8.70   0.000    -63.61617   -40.19052
              wkr_309_4 |  -56.03067   5.947858    -9.42   0.000      -67.703   -44.35834
              wkr_309_5 |  -53.27009   6.035699    -8.83   0.000    -65.11481   -41.42537
              wkr_309_6 |  -52.20193    6.17051    -8.46   0.000    -64.31121   -40.09265
              wkr_309_7 |  -57.46512   5.878615    -9.78   0.000    -69.00157   -45.92867
              wkr_309_8 |  -62.40594   5.658404   -11.03   0.000    -73.51024   -51.30164
              wkr_309_9 |  -56.96628   5.972983    -9.54   0.000    -68.68793   -45.24464
             wkr_309_10 |  -49.70621   6.185236    -8.04   0.000    -61.84438   -37.56803
             wkr_309_11 |  -51.15304   5.931971    -8.62   0.000    -62.79419   -39.51188
             wkr_309_12 |  -51.77335   5.866215    -8.83   0.000    -63.28546   -40.26123
             wkr_309_13 |  -44.77947   5.788795    -7.74   0.000    -56.13965   -33.41929
             wkr_309_14 |  -57.72493   5.798737    -9.95   0.000    -69.10462   -46.34523
             wkr_309_15 |  -51.67419    5.98529    -8.63   0.000    -63.41998    -39.9284
             wkr_309_16 |  -52.09593   5.906011    -8.82   0.000    -63.68614   -40.50571
             wkr_309_17 |  -47.46482   6.020901    -7.88   0.000    -59.28049   -35.64914
             wkr_309_18 |  -54.16329   5.809595    -9.32   0.000    -65.56429   -42.76229
             wkr_309_19 |  -49.93278   5.693534    -8.77   0.000    -61.10601   -38.75954
             wkr_309_20 |  -50.41447   5.712721    -8.82   0.000    -61.62536   -39.20358
             wkr_309_21 |  -45.34061   6.110123    -7.42   0.000    -57.33138   -33.34984
             wkr_309_22 |   -51.1698   6.028207    -8.49   0.000    -62.99982   -39.33979
             wkr_309_23 |  -55.17461   6.412162    -8.60   0.000    -67.75812   -42.59111
             wkr_309_24 |  -54.88299   6.066781    -9.05   0.000     -66.7887   -42.97727
             wkr_309_25 |  -50.89301   6.148761    -8.28   0.000    -62.95961   -38.82642
             wkr_309_26 |  -51.33461   5.635307    -9.11   0.000    -62.39358   -40.27564
             wkr_309_27 |  -55.08763   5.996701    -9.19   0.000    -66.85582   -43.31945
             wkr_309_28 |  -54.28995   6.108541    -8.89   0.000    -66.27762   -42.30229
             wkr_309_29 |  -51.63425    5.98518    -8.63   0.000    -63.37983   -39.88868
             wkr_309_30 |  -53.95968   5.768963    -9.35   0.000    -65.28094   -42.63842
             wkr_309_31 |  -53.71164   5.533286    -9.71   0.000     -64.5704   -42.85288
             wkr_309_32 |  -54.81408   5.777296    -9.49   0.000     -66.1517   -43.47647
             wkr_309_33 |   -260.402   121.3073    -2.15   0.032    -498.4608   -22.34326
             wkr_309_34 |  -56.49334   5.936363    -9.52   0.000    -68.14311   -44.84356
              wkr_327_1 |  -17.08373   3.454651    -4.95   0.000    -23.86329   -10.30417
              wkr_327_2 |          0  (omitted)
              wkr_327_3 |  -15.57302   3.541831    -4.40   0.000    -22.52366   -8.622378
              wkr_327_4 |   -15.5948   3.483058    -4.48   0.000     -22.4301   -8.759491
              wkr_327_5 |  -18.72831    3.55895    -5.26   0.000    -25.71255   -11.74408
              wkr_327_6 |  -13.11359   3.616554    -3.63   0.000    -20.21088   -6.016311
              wkr_327_7 |  -14.21075   3.426042    -4.15   0.000    -20.93416   -7.487334
              wkr_327_8 |  -15.47294   3.405824    -4.54   0.000    -22.15667   -8.789202
              wkr_327_9 |  -13.85751   3.514692    -3.94   0.000    -20.75489   -6.960121
             wkr_327_10 |  -13.04714   3.535061    -3.69   0.000    -19.98449   -6.109781
             wkr_327_11 |  -11.59691   3.394245    -3.42   0.001    -18.25793   -4.935898
             wkr_327_12 |  -11.99703   3.385937    -3.54   0.000    -18.64174   -5.352322
             wkr_327_13 |  -8.864243   3.294539    -2.69   0.007    -15.32959   -2.398897
             wkr_327_14 |   -12.6861   3.404332    -3.73   0.000     -19.3669   -6.005286
             wkr_327_15 |  -11.57802   3.639181    -3.18   0.002    -18.71971   -4.436334
             wkr_327_16 |  -13.82431   3.422888    -4.04   0.000    -20.54154   -7.107089
             wkr_327_17 |  -10.82805      3.504    -3.09   0.002    -17.70445   -3.951651
             wkr_327_18 |  -12.32883   3.420232    -3.60   0.000    -19.04084   -5.616819
             wkr_327_19 |  -14.02556    3.42349    -4.10   0.000    -20.74396   -7.307156
             wkr_327_20 |  -11.79262   3.406789    -3.46   0.001    -18.47826   -5.106994
             wkr_327_21 |  -9.700387   3.530049    -2.75   0.006    -16.62791   -2.772867
             wkr_327_22 |  -11.85766   3.463001    -3.42   0.001    -18.65361    -5.06172
             wkr_327_23 |  -14.24233   3.759346    -3.79   0.000    -21.61984   -6.864832
             wkr_327_24 |   -16.2968   3.587472    -4.54   0.000    -23.33701   -9.256587
             wkr_327_25 |  -9.469579   3.538649    -2.68   0.008    -16.41398   -2.525181
             wkr_327_26 |  -6.069965   3.411206    -1.78   0.075    -12.76426    .6243327
             wkr_327_27 |  -13.68995   3.557607    -3.85   0.000    -20.67155   -6.708346
             wkr_327_28 |   -12.6578   3.555447    -3.56   0.000    -19.63517   -5.680441
             wkr_327_29 |  -12.63554    3.46978    -3.64   0.000    -19.44479   -5.826297
             wkr_327_30 |  -15.23106   3.398045    -4.48   0.000    -21.89953   -8.562593
             wkr_327_31 |  -11.42342   3.249151    -3.52   0.000    -17.79969   -5.047142
             wkr_327_32 |  -9.816803   3.298719    -2.98   0.003    -16.29035   -3.343253
             wkr_327_33 |  -31.54377   60.85224    -0.52   0.604    -150.9628     87.8753
             wkr_327_34 |  -13.92602   3.388407    -4.11   0.000    -20.57558   -7.276462
              wkr_32n_1 |  -24.28089   3.449948    -7.04   0.000    -31.05122   -17.51056
              wkr_32n_2 |          0  (omitted)
              wkr_32n_3 |  -20.24959   3.584189    -5.65   0.000    -27.28336   -13.21583
              wkr_32n_4 |  -21.25463    3.52479    -6.03   0.000    -28.17183   -14.33743
              wkr_32n_5 |  -22.62108   3.592909    -6.30   0.000    -29.67196    -15.5702
              wkr_32n_6 |  -17.79464   3.727225    -4.77   0.000     -25.1091   -10.48017
              wkr_32n_7 |  -20.09934   3.524618    -5.70   0.000     -27.0162   -13.18248
              wkr_32n_8 |  -20.56385    3.43987    -5.98   0.000     -27.3144    -13.8133
              wkr_32n_9 |  -18.33629   3.577325    -5.13   0.000    -25.35658   -11.31599
             wkr_32n_10 |  -19.55242   3.626723    -5.39   0.000    -26.66966   -12.43518
             wkr_32n_11 |  -17.39843   3.535676    -4.92   0.000      -24.337   -10.45987
             wkr_32n_12 |  -15.37564   3.463528    -4.44   0.000    -22.17261   -8.578658
             wkr_32n_13 |  -15.06321   3.345313    -4.50   0.000    -21.62819   -8.498219
             wkr_32n_14 |  -19.44287   3.474288    -5.60   0.000    -26.26096   -12.62478
             wkr_32n_15 |  -17.02232   3.521831    -4.83   0.000    -23.93371   -10.11092
             wkr_32n_16 |  -19.09676    3.49624    -5.46   0.000    -25.95793   -12.23559
             wkr_32n_17 |   -15.0194   3.595139    -4.18   0.000    -22.07466   -7.964144
             wkr_32n_18 |  -14.77446   3.447095    -4.29   0.000    -21.53919   -8.009731
             wkr_32n_19 |  -18.94421   3.503369    -5.41   0.000    -25.81937   -12.06904
             wkr_32n_20 |  -18.00781   3.453117    -5.21   0.000    -24.78435   -11.23126
             wkr_32n_21 |  -14.39082   3.642407    -3.95   0.000    -21.53884   -7.242805
             wkr_32n_22 |  -16.60782   3.570271    -4.65   0.000    -23.61428   -9.601367
             wkr_32n_23 |  -18.68273   3.762557    -4.97   0.000    -26.06654   -11.29893
             wkr_32n_24 |  -21.73087   3.564104    -6.10   0.000    -28.72523   -14.73652
             wkr_32n_25 |  -14.45969   3.565777    -4.06   0.000    -21.45732   -7.462053
             wkr_32n_26 |  -9.619147   3.471128    -2.77   0.006    -16.43104   -2.807255
             wkr_32n_27 |  -19.10769       3.66    -5.22   0.000    -26.29023   -11.92514
             wkr_32n_28 |  -17.52036   3.658239    -4.79   0.000    -24.69945   -10.34127
             wkr_32n_29 |  -15.61917   3.530621    -4.42   0.000    -22.54781   -8.690522
             wkr_32n_30 |  -20.55986    3.48666    -5.90   0.000    -27.40223   -13.71748
             wkr_32n_31 |  -16.46726   3.349745    -4.92   0.000    -23.04095   -9.893579
             wkr_32n_32 |  -13.71423   3.372191    -4.07   0.000    -20.33196   -7.096498
             wkr_32n_33 |  -13.79528   64.47871    -0.21   0.831    -140.3311    112.7405
             wkr_32n_34 |  -21.75871   3.500702    -6.22   0.000    -28.62863   -14.88878
              wkr_333_1 |          0  (omitted)
              wkr_333_2 |          0  (omitted)
              wkr_333_3 |          0  (omitted)
              wkr_333_4 |          0  (omitted)
              wkr_333_5 |          0  (omitted)
              wkr_333_6 |          0  (omitted)
              wkr_333_7 |          0  (omitted)
              wkr_333_8 |          0  (omitted)
              wkr_333_9 |          0  (omitted)
             wkr_333_10 |          0  (omitted)
             wkr_333_11 |          0  (omitted)
             wkr_333_12 |          0  (omitted)
             wkr_333_13 |          0  (omitted)
             wkr_333_14 |          0  (omitted)
             wkr_333_15 |          0  (omitted)
             wkr_333_16 |          0  (omitted)
             wkr_333_17 |          0  (omitted)
             wkr_333_18 |          0  (omitted)
             wkr_333_19 |          0  (omitted)
             wkr_333_20 |          0  (omitted)
             wkr_333_21 |          0  (omitted)
             wkr_333_22 |          0  (omitted)
             wkr_333_23 |          0  (omitted)
             wkr_333_24 |          0  (omitted)
             wkr_333_25 |          0  (omitted)
             wkr_333_26 |          0  (omitted)
             wkr_333_27 |          0  (omitted)
             wkr_333_28 |          0  (omitted)
             wkr_333_29 |          0  (omitted)
             wkr_333_30 |          0  (omitted)
             wkr_333_31 |          0  (omitted)
             wkr_333_32 |          0  (omitted)
             wkr_333_33 |          0  (omitted)
             wkr_333_34 |          0  (omitted)
                  _cons |   50.72325   7.065946     7.18   0.000     36.85673    64.58977
------------------------+----------------------------------------------------------------
                sigma_u |  161.06607
                sigma_e |  3.2610847
                    rho |  .99959023   (fraction of variance due to u_i)
-----------------------------------------------------------------------------------------

. 
. log close
      name:  <unnamed>
       log:  /Users/henryrobinson/Desktop/3rd year/AED/Stata/DissLog1.log
  log type:  text
 closed on:  15 Dec 2021, 00:32:45
--------------------------------------------------------------------------------------------------------
